Copyright 1986-2020 Xilinx, Inc. All Rights Reserved.
------------------------------------------------------------------------------------------------------------------------------------------------
| Tool Version : Vivado v.2020.1 (win64) Build 2902540 Wed May 27 19:54:49 MDT 2020
| Date         : Fri Jul 24 16:42:06 2026
| Host         : lin running 64-bit major release  (build 9200)
| Command      : report_high_fanout_nets -timing -load_types -max_nets 200 -file E:/new/fpga_lock/v94/v0.94/timing_for_codex/04_high_fanout.rpt
| Design       : red_pitaya_top
| Device       : xc7z010
------------------------------------------------------------------------------------------------------------------------------------------------

High Fan-out Nets Information

1. Fanout Summary
-----------------

+------------------------------------------------------------------------------------------------------------------+--------+-------------+-----------------+-----------------+-----------------------------+-----------------------------+-----------------------------+-----------------------------+
|                                                                                                                  |        |             |                 |                 |         Clock Enable        |          Set/Reset          |         Data & Other        |            Clock            |
+------------------------------------------------------------------------------------------------------------------+--------+-------------+-----------------+-----------------+-------+----+----------------+-------+----+----------------+-------+----+----------------+-------+----+----------------+
| Net Name                                                                                                         | Fanout | Driver Type | Worst Slack(ns) | Worst Delay(ns) | Slice | IO | BRAM/DSP/OTHER | Slice | IO | BRAM/DSP/OTHER | Slice | IO | BRAM/DSP/OTHER | Slice | IO | BRAM/DSP/OTHER |
+------------------------------------------------------------------------------------------------------------------+--------+-------------+-----------------+-----------------+-------+----+----------------+-------+----+----------------+-------+----+----------------+-------+----+----------------+
| i_custom_register_bank/i_deterministic_lock_acquisition/SR[0]                                                    |   4280 | LUT1        |           0.987 |           3.711 |     0 |  0 |              0 |  4266 |  4 |             10 |     0 |  0 |              0 |     0 |  0 |              0 |
| rstn                                                                                                             |    305 | FDRE        |           1.358 |           5.582 |   305 |  0 |              0 |     0 |  0 |              0 |     0 |  0 |              0 |     0 |  0 |              0 |
| i_custom_register_bank/i_deterministic_lock_acquisition/arm_accepted_w                                           |    181 | LUT3        |           0.072 |           1.135 |   166 |  0 |              0 |     0 |  0 |              0 |    15 |  0 |              0 |     0 |  0 |              0 |
| i_asg/ch[0]/ext_trig_in_reg[1]_0                                                                                 |    175 | FDRE        |           1.385 |           4.389 |     0 |  0 |              0 |     0 |  0 |              0 |   175 |  0 |              0 |     0 |  0 |              0 |
| i_custom_register_bank/i_deterministic_lock_acquisition/event_commit_pulse_q_reg_n_0                             |    175 | FDRE        |           0.446 |           6.678 |   172 |  0 |              0 |     0 |  0 |              0 |     3 |  0 |              0 |     0 |  0 |              0 |
| ps/axi_slave_gp0/rd_do                                                                                           |    172 | FDRE        |           0.147 |           2.151 |     0 |  0 |              0 |     0 |  0 |              0 |   172 |  0 |              0 |     0 |  0 |              0 |
| i_scope/i_wr0/clear_0                                                                                            |    169 | FDSE        |           3.169 |           2.970 |    64 |  0 |              0 |    37 |  0 |              0 |    68 |  0 |              0 |     0 |  0 |              0 |
| i_scope/i_wr1/clear_0                                                                                            |    169 | FDSE        |           2.877 |           3.986 |    64 |  0 |              0 |    37 |  0 |              0 |    68 |  0 |              0 |     0 |  0 |              0 |
| i_asg/ch[0]/ext_trig_in_reg[2]_0                                                                                 |    168 | FDRE        |           2.255 |           3.545 |     0 |  0 |              0 |     0 |  0 |              0 |   168 |  0 |              0 |     0 |  0 |              0 |
| ps/axi_slave_gp0/wr_wdata_reg[31]_0[0]                                                                           |    140 | FDRE        |           0.701 |           6.629 |     0 |  0 |              0 |     0 |  0 |              0 |   132 |  0 |              8 |     0 |  0 |              0 |
| i_scope/adc_arm_do                                                                                               |    139 | FDRE        |           1.791 |           3.920 |     0 |  0 |              0 |     0 |  0 |              0 |   139 |  0 |              0 |     0 |  0 |              0 |
| i_custom_register_bank/i_deterministic_lock_acquisition/event_commit_pulse_q_i_1_n_0                             |    138 | LUT3        |           0.533 |           1.408 |   137 |  0 |              0 |     0 |  0 |              0 |     1 |  0 |              0 |     0 |  0 |              0 |
| ps/system_i/xadc/inst/AXI_LITE_IPIF_I/I_SLAVE_ATTACHMENT/reset2ip_reset                                          |    136 | LUT2        |           1.354 |           0.957 |     0 |  0 |              0 |   136 |  0 |              0 |     0 |  0 |              0 |     0 |  0 |              0 |
| i_scope/dec_valid                                                                                                |    130 | CARRY4      |           1.255 |           1.482 |     0 |  0 |              0 |     0 |  0 |              0 |   130 |  0 |              0 |     0 |  0 |              0 |
| ps/axi_slave_gp0/wr_wdata_reg[31]_0[13]                                                                          |    130 | FDRE        |           1.880 |           5.457 |     0 |  0 |              0 |     0 |  0 |              0 |   122 |  0 |              8 |     0 |  0 |              0 |
| ps/axi_slave_gp0/rd_araddr_reg[2]_1                                                                              |    125 | LUT3        |           0.671 |           1.564 |     0 |  0 |              0 |     0 |  0 |              0 |   125 |  0 |              0 |     0 |  0 |              0 |
| ps/axi_slave_gp0/rd_araddr_reg[2]_14                                                                             |    125 | LUT3        |           1.250 |           2.028 |     0 |  0 |              0 |     0 |  0 |              0 |   125 |  0 |              0 |     0 |  0 |              0 |
| ps/axi_slave_gp0/rd_araddr_reg[4]_7                                                                              |    125 | LUT3        |           0.778 |           2.054 |     0 |  0 |              0 |     0 |  0 |              0 |   125 |  0 |              0 |     0 |  0 |              0 |
| ps/axi_slave_gp0/rd_araddr_reg[4]_8                                                                              |    125 | LUT3        |           0.873 |           2.682 |     0 |  0 |              0 |     0 |  0 |              0 |   125 |  0 |              0 |     0 |  0 |              0 |
| ps/axi_slave_gp0/rd_araddr_reg[5]_4                                                                              |    123 | LUT3        |           0.790 |           2.433 |     0 |  0 |              0 |     0 |  0 |              0 |   123 |  0 |              0 |     0 |  0 |              0 |
| ps/axi_slave_gp0/rd_araddr_reg[5]_5                                                                              |    123 | LUT3        |           0.585 |           2.618 |     0 |  0 |              0 |     0 |  0 |              0 |   123 |  0 |              0 |     0 |  0 |              0 |
| ps/axi_slave_gp0/rd_araddr_reg[5]_6                                                                              |    123 | LUT3        |           1.137 |           2.169 |     0 |  0 |              0 |     0 |  0 |              0 |   123 |  0 |              0 |     0 |  0 |              0 |
| ps/axi_slave_gp0/rd_araddr_reg[5]_8                                                                              |    123 | LUT3        |           0.756 |           2.280 |     0 |  0 |              0 |     0 |  0 |              0 |   123 |  0 |              0 |     0 |  0 |              0 |
| ps/axi_slave_gp0/rd_araddr_reg[3]_3                                                                              |    118 | LUT3        |           1.059 |           1.857 |     0 |  0 |              0 |     0 |  0 |              0 |   118 |  0 |              0 |     0 |  0 |              0 |
| ps/axi_slave_gp0/rd_araddr_reg[3]_4                                                                              |    118 | LUT3        |           0.628 |           1.885 |     0 |  0 |              0 |     0 |  0 |              0 |   118 |  0 |              0 |     0 |  0 |              0 |
| ps/axi_slave_gp0/wr_wdata_reg[31]_0[1]                                                                           |    117 | FDRE        |           1.358 |           5.938 |     0 |  0 |              0 |     0 |  0 |              0 |   109 |  0 |              8 |     0 |  0 |              0 |
| ps/axi_slave_gp0/wr_wdata_reg[31]_0[2]                                                                           |    116 | FDRE        |           0.524 |           6.788 |     0 |  0 |              0 |     0 |  0 |              0 |   108 |  0 |              8 |     0 |  0 |              0 |
| ps/axi_slave_gp0/rd_araddr_reg[6]_1                                                                              |    114 | LUT3        |           1.073 |           3.035 |     0 |  0 |              0 |     0 |  0 |              0 |   114 |  0 |              0 |     0 |  0 |              0 |
| ps/axi_slave_gp0/rd_araddr_reg[6]_10                                                                             |    114 | LUT3        |           0.766 |           3.044 |     0 |  0 |              0 |     0 |  0 |              0 |   114 |  0 |              0 |     0 |  0 |              0 |
| ps/axi_slave_gp0/rd_araddr_reg[6]_2                                                                              |    114 | LUT3        |           1.213 |           2.157 |     0 |  0 |              0 |     0 |  0 |              0 |   114 |  0 |              0 |     0 |  0 |              0 |
| ps/axi_slave_gp0/rd_araddr_reg[6]_4                                                                              |    114 | LUT3        |           1.210 |           2.816 |     0 |  0 |              0 |     0 |  0 |              0 |   114 |  0 |              0 |     0 |  0 |              0 |
| ps/axi_slave_gp0/rd_araddr_reg[6]_5                                                                              |    114 | LUT3        |           0.506 |           1.803 |     0 |  0 |              0 |     0 |  0 |              0 |   114 |  0 |              0 |     0 |  0 |              0 |
| ps/axi_slave_gp0/rd_araddr_reg[6]_6                                                                              |    114 | LUT3        |           0.840 |           2.456 |     0 |  0 |              0 |     0 |  0 |              0 |   114 |  0 |              0 |     0 |  0 |              0 |
| ps/axi_slave_gp0/rd_araddr_reg[3]_10                                                                             |    110 | LUT3        |           0.654 |           1.681 |     0 |  0 |              0 |     0 |  0 |              0 |   110 |  0 |              0 |     0 |  0 |              0 |
| ps/axi_slave_gp0/rd_araddr_reg[3]_11                                                                             |    110 | LUT3        |           1.231 |           1.661 |     0 |  0 |              0 |     0 |  0 |              0 |   110 |  0 |              0 |     0 |  0 |              0 |
| ps/axi_slave_gp0/rd_araddr_reg[3]_13                                                                             |    110 | LUT3        |           1.642 |           1.760 |     0 |  0 |              0 |     0 |  0 |              0 |   110 |  0 |              0 |     0 |  0 |              0 |
| ps/axi_slave_gp0/rd_araddr_reg[3]_2                                                                              |    110 | LUT3        |           1.024 |           1.728 |     0 |  0 |              0 |     0 |  0 |              0 |   110 |  0 |              0 |     0 |  0 |              0 |
| ps/axi_slave_gp0/wr_wdata_reg[31]_0[3]                                                                           |    109 | FDRE        |           0.773 |           6.497 |     0 |  0 |              0 |     0 |  0 |              0 |   101 |  0 |              8 |     0 |  0 |              0 |
| ps/axi_master_0/axi_wwr_pt_reg[0]                                                                                |    108 | FDRE        |           5.799 |           1.495 |     0 |  0 |              0 |     0 |  0 |              0 |   108 |  0 |              0 |     0 |  0 |              0 |
| ps/axi_master_1/axi_wwr_pt_reg_n_0_[0]                                                                           |    108 | FDRE        |           5.829 |           1.560 |     0 |  0 |              0 |     0 |  0 |              0 |   108 |  0 |              0 |     0 |  0 |              0 |
| ps/axi_slave_gp0/ps_sys\\.addr[7]                                                                                |    108 | LUT3        |           0.710 |           3.011 |     0 |  0 |              0 |     0 |  0 |              0 |   108 |  0 |              0 |     0 |  0 |              0 |
| ps/axi_master_0/axi_wwr_pt_reg[1]                                                                                |    107 | FDRE        |           5.378 |           2.099 |     0 |  0 |              0 |     0 |  0 |              0 |   107 |  0 |              0 |     0 |  0 |              0 |
| ps/axi_master_1/axi_wwr_pt_reg_n_0_[1]                                                                           |    107 | FDRE        |           5.338 |           2.172 |     0 |  0 |              0 |     0 |  0 |              0 |   107 |  0 |              0 |     0 |  0 |              0 |
| ps/axi_master_0/axi_wwr_pt_reg[2]                                                                                |    106 | FDRE        |           5.501 |           1.930 |     0 |  0 |              0 |     0 |  0 |              0 |   106 |  0 |              0 |     0 |  0 |              0 |
| ps/axi_master_1/axi_wwr_pt_reg_n_0_[2]                                                                           |    106 | FDRE        |           5.219 |           2.206 |     0 |  0 |              0 |     0 |  0 |              0 |   106 |  0 |              0 |     0 |  0 |              0 |
| ps/axi_master_0/axi_wwr_pt_reg[3]                                                                                |    105 | FDRE        |           5.399 |           1.971 |     0 |  0 |              0 |     0 |  0 |              0 |   105 |  0 |              0 |     0 |  0 |              0 |
| ps/axi_master_1/axi_wwr_pt_reg_n_0_[3]                                                                           |    105 | FDRE        |           5.449 |           1.915 |     0 |  0 |              0 |     0 |  0 |              0 |   105 |  0 |              0 |     0 |  0 |              0 |
| ps/axi_slave_gp0/rd_araddr_reg[7]_0                                                                              |    105 | LUT3        |           0.147 |           1.883 |     0 |  0 |              0 |     0 |  0 |              0 |   105 |  0 |              0 |     0 |  0 |              0 |
| ps/axi_master_0/axi_wfifo_reg_0_15_0_5_i_1_n_0                                                                   |    104 | LUT3        |           2.998 |           1.854 |   104 |  0 |              0 |     0 |  0 |              0 |     0 |  0 |              0 |     0 |  0 |              0 |
| ps/axi_master_1/axi_wfifo_reg_0_15_0_5_i_1__0_n_0                                                                |    104 | LUT3        |           1.871 |           1.436 |   104 |  0 |              0 |     0 |  0 |              0 |     0 |  0 |              0 |     0 |  0 |              0 |
| ps/axi_slave_gp0/rd_araddr_reg[4]_0                                                                              |    104 | LUT3        |           1.096 |           2.245 |     0 |  0 |              0 |     0 |  0 |              0 |   104 |  0 |              0 |     0 |  0 |              0 |
| ps/axi_slave_gp0/rd_araddr_reg[4]_1                                                                              |    104 | LUT3        |           0.845 |           2.512 |     0 |  0 |              0 |     0 |  0 |              0 |   104 |  0 |              0 |     0 |  0 |              0 |
| ps/axi_slave_gp0/rd_araddr_reg[4]_2                                                                              |    104 | LUT3        |           1.643 |           2.759 |     0 |  0 |              0 |     0 |  0 |              0 |   104 |  0 |              0 |     0 |  0 |              0 |
| ps/axi_slave_gp0/rd_araddr_reg[4]_25                                                                             |    104 | LUT3        |           1.196 |           2.195 |     0 |  0 |              0 |     0 |  0 |              0 |   104 |  0 |              0 |     0 |  0 |              0 |
| ps/axi_slave_gp0/rd_araddr_reg[4]_3                                                                              |    104 | LUT3        |           1.102 |           3.311 |     0 |  0 |              0 |     0 |  0 |              0 |   104 |  0 |              0 |     0 |  0 |              0 |
| ps/axi_slave_gp0/wr_wdata_reg[31]_0[4]                                                                           |    104 | FDRE        |           0.307 |           6.961 |     0 |  0 |              0 |     0 |  0 |              0 |    96 |  0 |              8 |     0 |  0 |              0 |
| ps/axi_slave_gp0/wr_wdata_reg[31]_0[5]                                                                           |    104 | FDRE        |           0.189 |           6.962 |     0 |  0 |              0 |     0 |  0 |              0 |    96 |  0 |              8 |     0 |  0 |              0 |
| ps/axi_slave_gp0/wr_wdata_reg[31]_0[7]                                                                           |    104 | FDRE        |           0.474 |           6.773 |     0 |  0 |              0 |     0 |  0 |              0 |    96 |  0 |              8 |     0 |  0 |              0 |
| i_scope/i_dfilt1_cha/pp_mult_i_2_n_0                                                                             |    103 | LUT2        |           2.800 |           3.196 |     0 |  0 |              0 |    96 |  0 |              7 |     0 |  0 |              0 |     0 |  0 |              0 |
| ps/axi_slave_gp0/wr_wdata_reg[31]_0[6]                                                                           |    103 | FDRE        |           0.499 |           6.595 |     0 |  0 |              0 |     0 |  0 |              0 |    95 |  0 |              8 |     0 |  0 |              0 |
| i_scope/adc_dly_cnt[0]_i_3_n_0                                                                                   |    102 | LUT6        |           0.991 |           1.141 |     0 |  0 |              0 |     0 |  0 |              0 |   102 |  0 |              0 |     0 |  0 |              0 |
| ps/axi_slave_gp0/rd_araddr_reg[5]_1                                                                              |    102 | LUT3        |           1.433 |           3.028 |     0 |  0 |              0 |     0 |  0 |              0 |   102 |  0 |              0 |     0 |  0 |              0 |
| ps/axi_slave_gp0/rd_araddr_reg[5]_2                                                                              |    102 | LUT3        |           1.052 |           2.110 |     0 |  0 |              0 |     0 |  0 |              0 |   102 |  0 |              0 |     0 |  0 |              0 |
| i_custom_register_bank/i_deterministic_lock_acquisition/arm_commit_event_payload_q_reg_n_0                       |    101 | FDRE        |           3.478 |           2.189 |     0 |  0 |              0 |     0 |  0 |              0 |   101 |  0 |              0 |     0 |  0 |              0 |
| i_scope/adc_dv_r[2]                                                                                              |     99 | FDRE        |           1.283 |           3.829 |     0 |  0 |              0 |     0 |  0 |              0 |    99 |  0 |              0 |     0 |  0 |              0 |
| ps/axi_slave_gp0/wr_wdata_reg[31]_0[11]                                                                          |     98 | FDRE        |           0.371 |           6.989 |     0 |  0 |              0 |     0 |  0 |              0 |    90 |  0 |              8 |     0 |  0 |              0 |
| ps/axi_slave_gp0/wr_wdata_reg[31]_0[8]                                                                           |     98 | FDRE        |           0.692 |           6.254 |     0 |  0 |              0 |     0 |  0 |              0 |    90 |  0 |              8 |     0 |  0 |              0 |
| ps/axi_slave_gp0/wr_wdata_reg[31]_0[10]                                                                          |     97 | FDRE        |           0.769 |           6.428 |     0 |  0 |              0 |     0 |  0 |              0 |    89 |  0 |              8 |     0 |  0 |              0 |
| ps/axi_slave_gp0/wr_wdata_reg[31]_0[12]                                                                          |     97 | FDRE        |           0.272 |           6.850 |     0 |  0 |              0 |     0 |  0 |              0 |    89 |  0 |              8 |     0 |  0 |              0 |
| ps/axi_slave_gp0/ps_sys\\.addr[20]                                                                               |     96 | LUT3        |           0.743 |           0.892 |     0 |  0 |              0 |     0 |  0 |              0 |    96 |  0 |              0 |     0 |  0 |              0 |
| ps/axi_slave_gp0/ps_sys\\.addr[21]                                                                               |     96 | LUT3        |           0.756 |           1.825 |     0 |  0 |              0 |     0 |  0 |              0 |    96 |  0 |              0 |     0 |  0 |              0 |
| ps/axi_slave_gp0/wr_wdata_reg[31]_0[9]                                                                           |     96 | FDRE        |           0.967 |           6.257 |     0 |  0 |              0 |     0 |  0 |              0 |    88 |  0 |              8 |     0 |  0 |              0 |
| ps/axi_slave_gp0/rd_araddr_reg[3]_15                                                                             |     94 | LUT3        |           1.053 |           2.026 |     0 |  0 |              0 |     0 |  0 |              0 |    94 |  0 |              0 |     0 |  0 |              0 |
| ps/axi_slave_gp0/rd_araddr_reg[3]_16                                                                             |     94 | LUT3        |           1.198 |           2.626 |     0 |  0 |              0 |     0 |  0 |              0 |    94 |  0 |              0 |     0 |  0 |              0 |
| ps/axi_slave_gp0/rd_araddr_reg[3]_17                                                                             |     94 | LUT3        |           1.257 |           1.782 |     0 |  0 |              0 |     0 |  0 |              0 |    94 |  0 |              0 |     0 |  0 |              0 |
| ps/axi_slave_gp0/rd_araddr_reg[2]_0                                                                              |     89 | LUT3        |           1.556 |           1.947 |     0 |  0 |              0 |     0 |  0 |              0 |    89 |  0 |              0 |     0 |  0 |              0 |
| i_scope/i_dfilt1_chb/pp_mult_i_2__0_n_0                                                                          |     88 | LUT2        |           1.899 |           3.577 |     0 |  0 |              0 |    81 |  0 |              7 |     0 |  0 |              0 |     0 |  0 |              0 |
| ps/axi_slave_gp0/ps_sys\\.addr[0]                                                                                |     87 | LUT3        |           1.099 |           1.129 |     0 |  0 |              0 |     0 |  0 |              0 |    87 |  0 |              0 |     0 |  0 |              0 |
| i_asg/ch[0]/dac_do                                                                                               |     86 | FDRE        |           2.399 |           1.931 |     0 |  0 |              0 |     0 |  0 |              0 |    86 |  0 |              0 |     0 |  0 |              0 |
| i_asg/ch[1]/dac_do                                                                                               |     86 | FDRE        |           2.700 |           2.193 |     0 |  0 |              0 |     0 |  0 |              0 |    86 |  0 |              0 |     0 |  0 |              0 |
| ps/axi_slave_gp0/rd_araddr_reg[2]_2                                                                              |     86 | LUT3        |           1.193 |           2.401 |     0 |  0 |              0 |     0 |  0 |              0 |    86 |  0 |              0 |     0 |  0 |              0 |
| ps/axi_slave_gp0/rd_araddr_reg[2]_4                                                                              |     86 | LUT3        |           1.074 |           2.414 |     0 |  0 |              0 |     0 |  0 |              0 |    86 |  0 |              0 |     0 |  0 |              0 |
| ps/axi_slave_gp0/rd_araddr_reg[2]_8                                                                              |     86 | LUT3        |           1.448 |           2.185 |     0 |  0 |              0 |     0 |  0 |              0 |    86 |  0 |              0 |     0 |  0 |              0 |
| i_hk/daisy_mode[0]                                                                                               |     85 | FDRE        |           0.864 |           1.254 |     0 |  0 |              0 |    17 |  0 |              0 |    68 |  0 |              0 |     0 |  0 |              0 |
| ps/axi_slave_gp0/ps_sys\\.addr[1]                                                                                |     83 | LUT3        |           0.835 |           1.744 |     0 |  0 |              0 |     0 |  0 |              0 |    83 |  0 |              0 |     0 |  0 |              0 |
| ps/axi_master_0/axi_wrd_pt_reg[0]                                                                                |     82 | FDRE        |           4.740 |           2.359 |     0 |  0 |              0 |     0 |  0 |              0 |    82 |  0 |              0 |     0 |  0 |              0 |
| ps/axi_master_1/axi_wrd_pt_reg_n_0_[0]                                                                           |     82 | FDRE        |           4.340 |           1.998 |     0 |  0 |              0 |     0 |  0 |              0 |    82 |  0 |              0 |     0 |  0 |              0 |
| i_scope/axi_a_dat_dv                                                                                             |     81 | FDRE        |           4.014 |           1.901 |    75 |  0 |              0 |     0 |  0 |              0 |     6 |  0 |              0 |     0 |  0 |              0 |
| i_scope/axi_b_dat_dv                                                                                             |     81 | FDRE        |           2.258 |           2.300 |    75 |  0 |              0 |     0 |  0 |              0 |     6 |  0 |              0 |     0 |  0 |              0 |
| ps/axi_master_0/axi_wrd_pt_reg[1]                                                                                |     81 | FDRE        |           4.752 |           1.721 |     0 |  0 |              0 |     0 |  0 |              0 |    81 |  0 |              0 |     0 |  0 |              0 |
| ps/axi_master_1/axi_wrd_pt_reg_n_0_[1]                                                                           |     81 | FDRE        |           4.550 |           1.778 |     0 |  0 |              0 |     0 |  0 |              0 |    81 |  0 |              0 |     0 |  0 |              0 |
| ps/axi_master_0/axi_wrd_pt_reg[2]                                                                                |     80 | FDRE        |           4.747 |           2.004 |     0 |  0 |              0 |     0 |  0 |              0 |    80 |  0 |              0 |     0 |  0 |              0 |
| ps/axi_master_1/axi_wrd_pt_reg_n_0_[2]                                                                           |     80 | FDRE        |           4.435 |           2.143 |     0 |  0 |              0 |     0 |  0 |              0 |    80 |  0 |              0 |     0 |  0 |              0 |
| i_scope/axi_a_fifo_rd                                                                                            |     79 | LUT4        |           3.217 |           1.309 |     0 |  0 |              0 |     0 |  0 |              0 |    79 |  0 |              0 |     0 |  0 |              0 |
| i_scope/axi_b_fifo_rd                                                                                            |     79 | LUT4        |           2.258 |           1.316 |     0 |  0 |              0 |     0 |  0 |              0 |    79 |  0 |              0 |     0 |  0 |              0 |
| ps/axi_master_0/axi_wrd_pt_reg[3]                                                                                |     79 | FDRE        |           4.835 |           1.467 |     0 |  0 |              0 |     0 |  0 |              0 |    79 |  0 |              0 |     0 |  0 |              0 |
| ps/axi_master_1/axi_wrd_pt_reg_n_0_[3]                                                                           |     79 | FDRE        |           4.699 |           1.749 |     0 |  0 |              0 |     0 |  0 |              0 |    79 |  0 |              0 |     0 |  0 |              0 |
| ps/axi_slave_gp0/ps_sys\\.addr[22]                                                                               |     76 | LUT3        |           0.912 |           0.972 |     0 |  0 |              0 |     0 |  0 |              0 |    76 |  0 |              0 |     0 |  0 |              0 |
| ps/axi_slave_gp0/rd_araddr_reg[3]_14                                                                             |     76 | LUT3        |           2.066 |           2.023 |     0 |  0 |              0 |     0 |  0 |              0 |    76 |  0 |              0 |     0 |  0 |              0 |
| i_scope/axi_a_dat_fifo_reg[2][0]_srl4_i_1_n_0                                                                    |     75 | LUT1        |           3.019 |           2.631 |     0 |  0 |              0 |     0 |  0 |              0 |    75 |  0 |              0 |     0 |  0 |              0 |
| i_scope/axi_a_dat_fifo_reg[2][0]_srl4_i_2_n_0                                                                    |     75 | LUT2        |           2.703 |           2.369 |     0 |  0 |              0 |     0 |  0 |              0 |    75 |  0 |              0 |     0 |  0 |              0 |
| i_scope/axi_a_fifo_o[74]_i_1_n_0                                                                                 |     75 | LUT2        |           3.217 |           0.958 |    75 |  0 |              0 |     0 |  0 |              0 |     0 |  0 |              0 |     0 |  0 |              0 |
| i_scope/axi_b_dat_fifo_reg[2][0]_srl4_i_1_n_0                                                                    |     75 | LUT1        |           2.930 |           2.657 |     0 |  0 |              0 |     0 |  0 |              0 |    75 |  0 |              0 |     0 |  0 |              0 |
| i_scope/axi_b_dat_fifo_reg[2][0]_srl4_i_2_n_0                                                                    |     75 | LUT2        |           2.375 |           1.446 |     0 |  0 |              0 |     0 |  0 |              0 |    75 |  0 |              0 |     0 |  0 |              0 |
| i_scope/axi_b_fifo_o[74]_i_1_n_0                                                                                 |     75 | LUT2        |           2.258 |           1.079 |    75 |  0 |              0 |     0 |  0 |              0 |     0 |  0 |              0 |     0 |  0 |              0 |
| i_custom_register_bank/i_deterministic_lock_acquisition/event_stage_reject_code_q[7]_i_3_n_0                     |     72 | LUT2        |           0.763 |           1.491 |     0 |  0 |              0 |     0 |  0 |              0 |    72 |  0 |              0 |     0 |  0 |              0 |
| i_scope/div_go                                                                                                   |     71 | FDRE        |           2.916 |           1.289 |     0 |  0 |              0 |     0 |  0 |              0 |    71 |  0 |              0 |     0 |  0 |              0 |
| ps/system_i/axi_protocol_converter_0/inst/gen_axilite.gen_b2s_conv.axilite_b2s/SI_REG/r.r_pipe/s_ready_i_reg_0   |     71 | FDRE        |           2.151 |           0.829 |    33 |  0 |              0 |     0 |  0 |              0 |    38 |  0 |              0 |     0 |  0 |              0 |
| ps/system_i/axi_register_slice_0/inst/r.r_pipe/s_ready_i_reg_0                                                   |     71 | FDRE        |           1.929 |           1.696 |    33 |  0 |              0 |     0 |  0 |              0 |    38 |  0 |              0 |     0 |  0 |              0 |
| i_asg/r0_rd[22]                                                                                                  |     70 | FDRE        |           3.168 |           1.754 |     0 |  0 |              0 |     0 |  0 |              0 |    70 |  0 |              0 |     0 |  0 |              0 |
| i_asg/trig_b_src_reg[0]_0[5]                                                                                     |     70 | FDRE        |           2.761 |           1.563 |     0 |  0 |              0 |     0 |  0 |              0 |    70 |  0 |              0 |     0 |  0 |              0 |
| i_scope/dec_avg_div_a/pipe_dv[0]_i_2_n_0                                                                         |     69 | LUT6        |           3.041 |           1.254 |     0 |  0 |              0 |     0 |  0 |              0 |    69 |  0 |              0 |     0 |  0 |              0 |
| i_scope/dec_avg_div_b/pipe_dv[0]_i_2__0_n_0                                                                      |     69 | LUT6        |           3.685 |           1.299 |     0 |  0 |              0 |     0 |  0 |              0 |    69 |  0 |              0 |     0 |  0 |              0 |
| ps/axi_slave_gp0/wr_wdata_reg[31]_0[24]                                                                          |     68 | FDRE        |           1.750 |           5.150 |     0 |  0 |              0 |     0 |  0 |              0 |    44 |  0 |             24 |     0 |  0 |              0 |
| ps/system_i/axi_protocol_converter_0/inst/gen_axilite.gen_b2s_conv.axilite_b2s/SI_REG/ar.ar_pipe/s_ready_i_reg_0 |     68 | FDRE        |           2.246 |           2.094 |    32 |  0 |              0 |     0 |  0 |              0 |    36 |  0 |              0 |     0 |  0 |              0 |
| ps/system_i/axi_protocol_converter_0/inst/gen_axilite.gen_b2s_conv.axilite_b2s/SI_REG/aw.aw_pipe/s_ready_i_reg_0 |     68 | FDRE        |           1.775 |           2.577 |    32 |  0 |              0 |     0 |  0 |              0 |    36 |  0 |              0 |     0 |  0 |              0 |
| i_custom_register_bank/i_deterministic_lock_acquisition/trigger_o_reg_0                                          |     67 | FDRE        |           3.520 |           2.347 |     0 |  0 |              0 |     0 |  0 |              0 |    67 |  0 |              0 |     0 |  0 |              0 |
| ps/axi_slave_gp0/SR[0]                                                                                           |     66 | LUT6        |           1.037 |           1.418 |     0 |  0 |              0 |    31 |  0 |              0 |    35 |  0 |              0 |     0 |  0 |              0 |
| ps/axi_slave_gp0/adc_rst_do_reg[0]                                                                               |     66 | LUT6        |           0.484 |           1.217 |     0 |  0 |              0 |    31 |  0 |              0 |    35 |  0 |              0 |     0 |  0 |              0 |
| ps/axi_slave_gp0/rd_araddr_reg[2]_15                                                                             |     66 | LUT3        |           2.134 |           1.761 |     0 |  0 |              0 |     0 |  0 |              0 |    66 |  0 |              0 |     0 |  0 |              0 |
| i_custom_register_bank/i_deterministic_lock_acquisition/event_stage_type_q[0]_i_2_n_0                            |     65 | LUT3        |           3.082 |           2.415 |     0 |  0 |              0 |     0 |  0 |              0 |    65 |  0 |              0 |     0 |  0 |              0 |
| i_scope/dat_got                                                                                                  |     65 | FDRE        |           5.709 |           1.527 |    64 |  0 |              0 |     0 |  0 |              0 |     1 |  0 |              0 |     0 |  0 |              0 |
| i_scope/dat_got0                                                                                                 |     65 | LUT2        |           1.965 |           1.097 |    64 |  0 |              0 |     0 |  0 |              0 |     1 |  0 |              0 |     0 |  0 |              0 |
| i_scope/dec_avg_div_b/SS[0]                                                                                      |     65 | LUT2        |           2.672 |           2.691 |    17 |  0 |              0 |    48 |  0 |              0 |     0 |  0 |              0 |     0 |  0 |              0 |
| i_custom_register_bank/arm_snapshot_limits_en_q                                                                  |     64 | FDRE        |           3.646 |           3.537 |    64 |  0 |              0 |     0 |  0 |              0 |     0 |  0 |              0 |     0 |  0 |              0 |
| i_custom_register_bank/arm_snapshot_metadata_en_q                                                                |     64 | FDRE        |           4.061 |           3.126 |    64 |  0 |              0 |     0 |  0 |              0 |     0 |  0 |              0 |     0 |  0 |              0 |
| i_custom_register_bank/arm_snapshot_runtime_timestamp_en_q                                                       |     64 | FDRE        |           4.173 |           2.948 |    64 |  0 |              0 |     0 |  0 |              0 |     0 |  0 |              0 |     0 |  0 |              0 |
| i_custom_register_bank/arm_snapshot_target_values_en_q                                                           |     64 | FDRE        |           3.991 |           3.192 |    64 |  0 |              0 |     0 |  0 |              0 |     0 |  0 |              0 |     0 |  0 |              0 |
| i_scope/i_wr0/axi_wvalid_o12_out                                                                                 |     64 | LUT5        |           2.080 |           1.336 |     0 |  0 |              0 |     0 |  0 |              0 |    64 |  0 |              0 |     0 |  0 |              0 |
| i_scope/i_wr1/axi_wvalid_o12_out                                                                                 |     64 | LUT5        |           2.224 |           0.904 |     0 |  0 |              0 |     0 |  0 |              0 |    64 |  0 |              0 |     0 |  0 |              0 |
| ps/axi_master_0/axi_wdata_o0_in                                                                                  |     64 | LUT2        |           3.266 |           0.768 |    64 |  0 |              0 |     0 |  0 |              0 |     0 |  0 |              0 |     0 |  0 |              0 |
| ps/axi_master_0/axi_wdata_o[63]_i_1_n_0                                                                          |     64 | LUT4        |           2.984 |           1.107 |     0 |  0 |              0 |    64 |  0 |              0 |     0 |  0 |              0 |     0 |  0 |              0 |
| ps/axi_master_1/axi_wdata_o0_in                                                                                  |     64 | LUT2        |           2.708 |           0.885 |    64 |  0 |              0 |     0 |  0 |              0 |     0 |  0 |              0 |     0 |  0 |              0 |
| ps/axi_master_1/axi_wdata_o[63]_i_1__0_n_0                                                                       |     64 | LUT4        |           2.291 |           0.950 |     0 |  0 |              0 |    64 |  0 |              0 |     0 |  0 |              0 |     0 |  0 |              0 |
| i_asg/ch[0]/dac_npnt_sub_neg                                                                                     |     63 | CARRY4      |           0.375 |           1.017 |     0 |  0 |              0 |     0 |  0 |              0 |    63 |  0 |              0 |     0 |  0 |              0 |
| i_asg/ch[1]/dac_npnt_sub_neg                                                                                     |     63 | CARRY4      |           0.515 |           0.937 |     0 |  0 |              0 |     0 |  0 |              0 |    63 |  0 |              0 |     0 |  0 |              0 |
| i_asg/r0_rd[20]                                                                                                  |     63 | FDRE        |           4.536 |           2.696 |     0 |  0 |              0 |     0 |  0 |              0 |    63 |  0 |              0 |     0 |  0 |              0 |
| i_asg/trig_b_src_reg[0]_0[3]                                                                                     |     63 | FDRE        |           3.874 |           3.541 |     0 |  0 |              0 |     0 |  0 |              0 |    63 |  0 |              0 |     0 |  0 |              0 |
| i_scope/dec_avg_div_a/pipe_loop[1].reg_X[1][31]_i_1_n_0                                                          |     63 | LUT3        |           3.041 |           1.581 |    63 |  0 |              0 |     0 |  0 |              0 |     0 |  0 |              0 |     0 |  0 |              0 |
| i_scope/dec_avg_div_a/pipe_loop[1].reg_X[1][31]_i_3_n_0                                                          |     63 | LUT6        |           4.340 |           1.826 |     0 |  0 |              0 |     0 |  0 |              0 |    63 |  0 |              0 |     0 |  0 |              0 |
| i_scope/dec_avg_div_b/pipe_loop[1].reg_X[1][31]_i_1__0_n_0                                                       |     63 | LUT3        |           3.685 |           1.330 |    63 |  0 |              0 |     0 |  0 |              0 |     0 |  0 |              0 |     0 |  0 |              0 |
| i_scope/dec_avg_div_b/pipe_loop[1].reg_X[1][31]_i_3__0_n_0                                                       |     63 | LUT6        |           3.781 |           2.407 |     0 |  0 |              0 |     0 |  0 |              0 |    63 |  0 |              0 |     0 |  0 |              0 |
| i_scope/i_wr0/axi_wvalid_o1                                                                                      |     63 | CARRY4      |           2.040 |           1.584 |     0 |  0 |              0 |     0 |  0 |              0 |    63 |  0 |              0 |     0 |  0 |              0 |
| i_scope/i_wr0/next_address                                                                                       |     63 | LUT6        |           2.188 |           0.981 |    62 |  0 |              0 |     0 |  0 |              0 |     1 |  0 |              0 |     0 |  0 |              0 |
| i_scope/i_wr1/axi_wvalid_o1                                                                                      |     63 | CARRY4      |           2.046 |           1.265 |     0 |  0 |              0 |     0 |  0 |              0 |    63 |  0 |              0 |     0 |  0 |              0 |
| i_scope/i_wr1/next_address                                                                                       |     63 | LUT6        |           1.963 |           1.468 |    62 |  0 |              0 |     0 |  0 |              0 |     1 |  0 |              0 |     0 |  0 |              0 |
| i_asg/ch[0]/dac_pnt[61]_i_1__0_n_0                                                                               |     62 | LUT3        |           1.648 |           1.201 |    62 |  0 |              0 |     0 |  0 |              0 |     0 |  0 |              0 |     0 |  0 |              0 |
| i_asg/ch[1]/dac_pnt[61]_i_1_n_0                                                                                  |     62 | LUT3        |           1.826 |           1.194 |    62 |  0 |              0 |     0 |  0 |              0 |     0 |  0 |              0 |     0 |  0 |              0 |
| i_custom_register_bank/i_deterministic_lock_acquisition/arm_target_low_q[15]_i_3_n_0                             |     61 | LUT2        |           0.677 |           1.622 |     0 |  0 |              0 |     0 |  0 |              0 |    61 |  0 |              0 |     0 |  0 |              0 |
| ps/axi_master_0/axi_awwr_pt_reg[0]                                                                               |     60 | FDRE        |           6.201 |           1.210 |     0 |  0 |              0 |     0 |  0 |              0 |    60 |  0 |              0 |     0 |  0 |              0 |
| ps/axi_master_1/axi_awwr_pt_reg_n_0_[0]                                                                          |     60 | FDRE        |           5.716 |           1.716 |     0 |  0 |              0 |     0 |  0 |              0 |    60 |  0 |              0 |     0 |  0 |              0 |
| i_custom_register_bank/capture_start                                                                             |     59 | FDRE        |           2.907 |           2.964 |    42 |  0 |              0 |     0 |  0 |              0 |    17 |  0 |              0 |     0 |  0 |              0 |
| ps/axi_master_0/axi_awwr_pt_reg[1]                                                                               |     59 | FDRE        |           5.958 |           1.321 |     0 |  0 |              0 |     0 |  0 |              0 |    59 |  0 |              0 |     0 |  0 |              0 |
| ps/axi_master_1/axi_awwr_pt_reg_n_0_[1]                                                                          |     59 | FDRE        |           5.157 |           2.131 |     0 |  0 |              0 |     0 |  0 |              0 |    59 |  0 |              0 |     0 |  0 |              0 |
| ps/axi_slave_gp0/wr_wdata_reg[31]_0[16]                                                                          |     59 | FDRE        |           1.086 |           5.997 |     0 |  0 |              0 |     0 |  0 |              0 |    53 |  0 |              6 |     0 |  0 |              0 |
| ps/axi_master_0/axi_awwr_pt_reg[2]                                                                               |     58 | FDRE        |           5.933 |           1.462 |     0 |  0 |              0 |     0 |  0 |              0 |    58 |  0 |              0 |     0 |  0 |              0 |
| ps/axi_master_1/axi_awwr_pt_reg_n_0_[2]                                                                          |     58 | FDRE        |           4.773 |           2.575 |     0 |  0 |              0 |     0 |  0 |              0 |    58 |  0 |              0 |     0 |  0 |              0 |
| ps/axi_slave_gp0/wr_wdata_reg[31]_0[17]                                                                          |     58 | FDRE        |           2.039 |           4.043 |     0 |  0 |              0 |     0 |  0 |              0 |    52 |  0 |              6 |     0 |  0 |              0 |
| i_hk/dna_value0                                                                                                  |     57 | LUT4        |           4.380 |           1.610 |    57 |  0 |              0 |     0 |  0 |              0 |     0 |  0 |              0 |     0 |  0 |              0 |
| ps/axi_master_0/axi_awwr_pt_reg[3]                                                                               |     57 | FDRE        |           5.773 |           1.456 |     0 |  0 |              0 |     0 |  0 |              0 |    57 |  0 |              0 |     0 |  0 |              0 |
| ps/axi_master_1/axi_awwr_pt_reg_n_0_[3]                                                                          |     57 | FDRE        |           5.633 |           1.595 |     0 |  0 |              0 |     0 |  0 |              0 |    57 |  0 |              0 |     0 |  0 |              0 |
| i_scope/adc_a_dat[11]_i_2_n_0                                                                                    |     56 | LUT5        |           2.649 |           2.337 |     0 |  0 |              0 |     0 |  0 |              0 |    56 |  0 |              0 |     0 |  0 |              0 |
| i_scope/adc_a_dat[13]_i_3_n_0                                                                                    |     56 | LUT5        |           2.136 |           1.842 |     0 |  0 |              0 |     0 |  0 |              0 |    56 |  0 |              0 |     0 |  0 |              0 |
| ps/axi_master_0/axi_awfifo_reg_0_15_0_5_i_1_n_0                                                                  |     56 | LUT2        |           3.164 |           1.329 |    56 |  0 |              0 |     0 |  0 |              0 |     0 |  0 |              0 |     0 |  0 |              0 |
| ps/axi_master_1/axi_awfifo_reg_0_15_0_5_i_1__0_n_0                                                               |     56 | LUT2        |           2.364 |           1.347 |    56 |  0 |              0 |     0 |  0 |              0 |     0 |  0 |              0 |     0 |  0 |              0 |
| ps/axi_slave_gp0/wr_wdata_reg[31]_0[15]                                                                          |     55 | FDRE        |           2.228 |           4.906 |     0 |  0 |              0 |     0 |  0 |              0 |    49 |  0 |              6 |     0 |  0 |              0 |
| ps/axi_slave_gp0/wr_wdata_reg[31]_0[14]                                                                          |     54 | FDRE        |           1.051 |           6.142 |     0 |  0 |              0 |     0 |  0 |              0 |    48 |  0 |              6 |     0 |  0 |              0 |
| ps/axi_slave_gp0/wr_wdata_reg[31]_0[18]                                                                          |     54 | FDRE        |           1.876 |           4.757 |     0 |  0 |              0 |     0 |  0 |              0 |    50 |  0 |              4 |     0 |  0 |              0 |
| i_out2_lock_controller/abs_limit_w1                                                                              |     53 | CARRY4      |           0.155 |           0.720 |     0 |  0 |              0 |     0 |  0 |              0 |    53 |  0 |              0 |     0 |  0 |              0 |
| ps/axi_slave_gp0/wr_wdata_reg[31]_0[19]                                                                          |     53 | FDRE        |           1.986 |           5.319 |     0 |  0 |              0 |     0 |  0 |              0 |    49 |  0 |              4 |     0 |  0 |              0 |
| i_scope/p_24_in[0]                                                                                               |     52 | FDRE        |           2.518 |           3.117 |     0 |  0 |              0 |     0 |  0 |              0 |    52 |  0 |              0 |     0 |  0 |              0 |
| ps/axi_slave_gp0/wr_wdata_reg[31]_0[20]                                                                          |     52 | FDRE        |           1.410 |           5.580 |     0 |  0 |              0 |     0 |  0 |              0 |    48 |  0 |              4 |     0 |  0 |              0 |
| i_scope/axi_a_we_reg_0                                                                                           |     51 | FDRE        |           3.273 |           2.526 |     0 |  0 |              0 |     0 |  0 |              0 |    51 |  0 |              0 |     0 |  0 |              0 |
| i_scope/axi_b_we_reg_0                                                                                           |     51 | FDRE        |           2.406 |           2.738 |     0 |  0 |              0 |     0 |  0 |              0 |    51 |  0 |              0 |     0 |  0 |              0 |
| ps/axi_slave_gp0/wr_wdata_reg[31]_0[21]                                                                          |     51 | FDRE        |           0.776 |           6.307 |     0 |  0 |              0 |     0 |  0 |              0 |    47 |  0 |              4 |     0 |  0 |              0 |
| ps/axi_slave_gp0/wr_wdata_reg[31]_0[22]                                                                          |     51 | FDRE        |           2.015 |           5.033 |     0 |  0 |              0 |     0 |  0 |              0 |    47 |  0 |              4 |     0 |  0 |              0 |
| ps/axi_slave_gp0/wr_wdata_reg[31]_0[23]                                                                          |     51 | FDRE        |           1.518 |           5.262 |     0 |  0 |              0 |     0 |  0 |              0 |    47 |  0 |              4 |     0 |  0 |              0 |
| i_scope/i_dfilt1_cha/r5_reg20                                                                                    |     50 | DSP48E1     |           2.817 |           2.094 |     0 |  0 |              0 |     0 |  0 |              0 |    50 |  0 |              0 |     0 |  0 |              0 |
| i_scope/i_dfilt1_chb/r5_reg20                                                                                    |     50 | DSP48E1     |           2.376 |           2.372 |     0 |  0 |              0 |     0 |  0 |              0 |    50 |  0 |              0 |     0 |  0 |              0 |
| ps/system_i/xadc/inst/AXI_LITE_IPIF_I/I_SLAVE_ATTACHMENT/SR[0]                                                   |     50 | FDRE        |           1.354 |           1.391 |     0 |  0 |              0 |    46 |  0 |              0 |     4 |  0 |              0 |     0 |  0 |              0 |
| i_custom_register_bank/i_deterministic_lock_acquisition/arm_target_low_q[15]_i_1_n_0                             |     47 | LUT2        |           0.830 |           1.366 |    47 |  0 |              0 |     0 |  0 |              0 |     0 |  0 |              0 |     0 |  0 |              0 |
| i_scope/asg_trig_in_reg_n_0_[1]                                                                                  |     47 | FDRE        |           2.888 |           2.316 |     0 |  0 |              0 |     0 |  0 |              0 |    47 |  0 |              0 |     0 |  0 |              0 |
| ps/system_i/axi_register_slice_0/inst/w.w_pipe/s_ready_i_reg_0                                                   |     47 | FDRE        |           2.714 |           0.952 |    22 |  0 |              0 |     0 |  0 |              0 |    24 |  0 |              1 |     0 |  0 |              0 |
| i_scope/adc_wp_cur                                                                                               |     46 | LUT2        |           2.844 |           1.543 |     0 |  0 |              0 |    42 |  0 |              0 |     4 |  0 |              0 |     0 |  0 |              0 |
| ps/axi_master_0/axi_awrd_pt_reg[0]                                                                               |     46 | FDRE        |           5.241 |           2.131 |     0 |  0 |              0 |     0 |  0 |              0 |    46 |  0 |              0 |     0 |  0 |              0 |
| ps/axi_master_1/axi_awrd_pt_reg_n_0_[0]                                                                          |     46 | FDRE        |           5.237 |           2.102 |     0 |  0 |              0 |     0 |  0 |              0 |    46 |  0 |              0 |     0 |  0 |              0 |
| ps/axi_slave_gp0/rd_araddr_reg[6]_7                                                                              |     46 | LUT3        |           1.789 |           1.884 |     0 |  0 |              0 |     0 |  0 |              0 |    46 |  0 |              0 |     0 |  0 |              0 |
| i_custom_debug_capture/capture_busy                                                                              |     45 | FDRE        |           3.648 |           1.293 |    32 |  0 |              0 |     0 |  0 |              0 |    13 |  0 |              0 |     0 |  0 |              0 |
| i_daisy/i_rx/clear_0                                                                                             |     45 | LUT1        |           4.295 |           1.301 |     0 |  0 |              0 |    45 |  0 |              0 |     0 |  0 |              0 |     0 |  0 |              0 |
| ps/axi_master_0/axi_awrd_pt_reg[1]                                                                               |     45 | FDRE        |           5.985 |           1.246 |     0 |  0 |              0 |     0 |  0 |              0 |    45 |  0 |              0 |     0 |  0 |              0 |
| ps/axi_master_1/axi_awrd_pt_reg_n_0_[1]                                                                          |     45 | FDRE        |           5.508 |           1.676 |     0 |  0 |              0 |     0 |  0 |              0 |    45 |  0 |              0 |     0 |  0 |              0 |
| ps/axi_slave_gp0/rd_araddr[3]                                                                                    |     45 | FDRE        |           0.628 |           1.026 |     0 |  0 |              0 |     0 |  0 |              0 |    45 |  0 |              0 |     0 |  0 |              0 |
| ps/axi_slave_gp0/wr_awaddr[3]                                                                                    |     45 | FDRE        |           0.886 |           2.228 |     0 |  0 |              0 |     0 |  0 |              0 |    45 |  0 |              0 |     0 |  0 |              0 |
| i_scope/p_1_in_2                                                                                                 |     44 | FDRE        |           4.192 |           0.911 |     0 |  0 |              0 |     0 |  0 |              0 |    44 |  0 |              0 |     0 |  0 |              0 |
| ps/axi_master_0/axi_awrd_pt_reg[2]                                                                               |     44 | FDRE        |           5.996 |           1.410 |     0 |  0 |              0 |     0 |  0 |              0 |    44 |  0 |              0 |     0 |  0 |              0 |
| ps/axi_master_1/axi_awrd_pt_reg_n_0_[2]                                                                          |     44 | FDRE        |           5.737 |           1.666 |     0 |  0 |              0 |     0 |  0 |              0 |    44 |  0 |              0 |     0 |  0 |              0 |
| ps/axi_master_0/axi_awrd_pt_reg[3]                                                                               |     43 | FDRE        |           6.103 |           1.168 |     0 |  0 |              0 |     0 |  0 |              0 |    43 |  0 |              0 |     0 |  0 |              0 |
| ps/axi_master_1/axi_awrd_pt_reg_n_0_[3]                                                                          |     43 | FDRE        |           5.806 |           1.385 |     0 |  0 |              0 |     0 |  0 |              0 |    43 |  0 |              0 |     0 |  0 |              0 |
| ps/system_i/xadc/inst/AXI_LITE_IPIF_I/I_SLAVE_ATTACHMENT/I_DECODER/Bus_RNW_reg_reg_0                             |     43 | FDRE        |           1.386 |           1.412 |     0 |  0 |              0 |     0 |  0 |              0 |    43 |  0 |              0 |     0 |  0 |              0 |
| i_out2_lock_controller/correction_limit_abs_w1                                                                   |     42 | CARRY4      |           0.005 |           1.131 |     0 |  0 |              0 |     0 |  0 |              0 |    42 |  0 |              0 |     0 |  0 |              0 |
+------------------------------------------------------------------------------------------------------------------+--------+-------------+-----------------+-----------------+-------+----+----------------+-------+----+----------------+-------+----+----------------+-------+----+----------------+


