Copyright 1986-2020 Xilinx, Inc. All Rights Reserved.
----------------------------------------------------------------------------------------------------------------------
| Tool Version : Vivado v.2020.1 (win64) Build 2902540 Wed May 27 19:54:49 MDT 2020
| Date         : Wed Sep  9 17:12:22 2026
| Host         : lin running 64-bit major release  (build 9200)
| Command      : report_methodology -file E:/new/fpga_lock/v94/v0.94/exp/l1-contract-20260909/current_methodology.rpt
| Design       : red_pitaya_top
| Device       : xc7z010clg400-1
| Speed File   : -1
| Design State : Fully Routed
----------------------------------------------------------------------------------------------------------------------

Report Methodology

Table of Contents
-----------------
1. REPORT SUMMARY
2. REPORT DETAILS

1. REPORT SUMMARY
-----------------
            Netlist: netlist
          Floorplan: l1_contract_impl_20260909
      Design limits: <entire design considered>
             Max violations: <unlimited>
             Violations found: 104
+-----------+------------------+------------------------------------------------------+------------+
| Rule      | Severity         | Description                                          | Violations |
+-----------+------------------+------------------------------------------------------+------------+
| TIMING-17 | Critical Warning | Non-clocked sequential cell                          | 1          |
| SYNTH-6   | Warning          | Timing of a RAM block might be sub-optimal           | 21         |
| SYNTH-11  | Warning          | DSP output not registered                            | 6          |
| TIMING-10 | Warning          | Missing property on synchronizer                     | 1          |
| TIMING-18 | Warning          | Missing input or output delay                        | 38         |
| TIMING-28 | Warning          | Auto-derived clock referenced by a timing constraint | 1          |
| XDCC-5    | Warning          | User Non-Timing constraint/property overwritten      | 4          |
| XDCH-2    | Warning          | Same min and max delay values on IO port             | 32         |
+-----------+------------------+------------------------------------------------------+------------+

2. REPORT DETAILS
-----------------
TIMING-17#1 Critical Warning
Non-clocked sequential cell  
The clock pin i_hk/i_DNA/CLK is not reached by a timing clock
Related violations: <none>

SYNTH-6#1 Warning
Timing of a RAM block might be sub-optimal  
The timing for the instance i_asg/ch[0]/dac_buf_reg_0, implemented as a RAM block, might be sub-optimal as no output register was merged into the block.
Related violations: <none>

SYNTH-6#2 Warning
Timing of a RAM block might be sub-optimal  
The timing for the instance i_asg/ch[1]/dac_buf_reg_0, implemented as a RAM block, might be sub-optimal as no output register was merged into the block.
Related violations: <none>

SYNTH-6#3 Warning
Timing of a RAM block might be sub-optimal  
The timing for the instance i_asg/ch[1]/dac_buf_reg_3, implemented as a RAM block, might be sub-optimal as no output register was merged into the block.
Related violations: <none>

SYNTH-6#4 Warning
Timing of a RAM block might be sub-optimal  
The timing for the instance i_asg/ch[1]/dac_buf_reg_5, implemented as a RAM block, might be sub-optimal as no output register was merged into the block.
Related violations: <none>

SYNTH-6#5 Warning
Timing of a RAM block might be sub-optimal  
The timing for the instance i_asg/ch[1]/dac_buf_reg_6, implemented as a RAM block, might be sub-optimal as no output register was merged into the block.
Related violations: <none>

SYNTH-6#6 Warning
Timing of a RAM block might be sub-optimal  
The timing for the instance i_custom_debug_capture/mem_ch1_reg_0, implemented as a RAM block, might be sub-optimal as no output register was merged into the block.
Related violations: <none>

SYNTH-6#7 Warning
Timing of a RAM block might be sub-optimal  
The timing for the instance i_custom_debug_capture/mem_ch1_reg_1, implemented as a RAM block, might be sub-optimal as no output register was merged into the block.
Related violations: <none>

SYNTH-6#8 Warning
Timing of a RAM block might be sub-optimal  
The timing for the instance i_custom_debug_capture/mem_ch2_reg_0, implemented as a RAM block, might be sub-optimal as no output register was merged into the block.
Related violations: <none>

SYNTH-6#9 Warning
Timing of a RAM block might be sub-optimal  
The timing for the instance i_custom_debug_capture/mem_ch2_reg_1, implemented as a RAM block, might be sub-optimal as no output register was merged into the block.
Related violations: <none>

SYNTH-6#10 Warning
Timing of a RAM block might be sub-optimal  
The timing for the instance i_custom_debug_capture/mem_ch3_reg_0, implemented as a RAM block, might be sub-optimal as no output register was merged into the block.
Related violations: <none>

SYNTH-6#11 Warning
Timing of a RAM block might be sub-optimal  
The timing for the instance i_custom_debug_capture/mem_ch3_reg_1, implemented as a RAM block, might be sub-optimal as no output register was merged into the block.
Related violations: <none>

SYNTH-6#12 Warning
Timing of a RAM block might be sub-optimal  
The timing for the instance i_custom_debug_capture/mem_ch4_reg_0, implemented as a RAM block, might be sub-optimal as no output register was merged into the block.
Related violations: <none>

SYNTH-6#13 Warning
Timing of a RAM block might be sub-optimal  
The timing for the instance i_custom_debug_capture/mem_ch4_reg_1, implemented as a RAM block, might be sub-optimal as no output register was merged into the block.
Related violations: <none>

SYNTH-6#14 Warning
Timing of a RAM block might be sub-optimal  
The timing for the instance i_scope/adc_a_buf_reg_0, implemented as a RAM block, might be sub-optimal as no output register was merged into the block.
Related violations: <none>

SYNTH-6#15 Warning
Timing of a RAM block might be sub-optimal  
The timing for the instance i_scope/adc_a_buf_reg_3, implemented as a RAM block, might be sub-optimal as no output register was merged into the block.
Related violations: <none>

SYNTH-6#16 Warning
Timing of a RAM block might be sub-optimal  
The timing for the instance i_scope/adc_a_buf_reg_4, implemented as a RAM block, might be sub-optimal as no output register was merged into the block.
Related violations: <none>

SYNTH-6#17 Warning
Timing of a RAM block might be sub-optimal  
The timing for the instance i_scope/adc_b_buf_reg_0, implemented as a RAM block, might be sub-optimal as no output register was merged into the block.
Related violations: <none>

SYNTH-6#18 Warning
Timing of a RAM block might be sub-optimal  
The timing for the instance i_scope/adc_b_buf_reg_1, implemented as a RAM block, might be sub-optimal as no output register was merged into the block.
Related violations: <none>

SYNTH-6#19 Warning
Timing of a RAM block might be sub-optimal  
The timing for the instance i_scope/adc_b_buf_reg_3, implemented as a RAM block, might be sub-optimal as no output register was merged into the block.
Related violations: <none>

SYNTH-6#20 Warning
Timing of a RAM block might be sub-optimal  
The timing for the instance i_scope/i_wr0/fifo_reg, implemented as a RAM block, might be sub-optimal as no output register was merged into the block.
Related violations: <none>

SYNTH-6#21 Warning
Timing of a RAM block might be sub-optimal  
The timing for the instance i_scope/i_wr1/fifo_reg, implemented as a RAM block, might be sub-optimal as no output register was merged into the block.
Related violations: <none>

SYNTH-11#1 Warning
DSP output not registered  
DSP instance i_scope/i_dfilt1_cha/pp_mult is not fully pipelined on the output side. MREG/PREG are not used.
Related violations: <none>

SYNTH-11#2 Warning
DSP output not registered  
DSP instance i_scope/i_dfilt1_cha/r3_sum is not fully pipelined on the output side. MREG/PREG are not used.
Related violations: <none>

SYNTH-11#3 Warning
DSP output not registered  
DSP instance i_scope/i_dfilt1_cha/r3_sum__0 is not fully pipelined on the output side. MREG/PREG are not used.
Related violations: <none>

SYNTH-11#4 Warning
DSP output not registered  
DSP instance i_scope/i_dfilt1_chb/pp_mult is not fully pipelined on the output side. MREG/PREG are not used.
Related violations: <none>

SYNTH-11#5 Warning
DSP output not registered  
DSP instance i_scope/i_dfilt1_chb/r3_sum is not fully pipelined on the output side. MREG/PREG are not used.
Related violations: <none>

SYNTH-11#6 Warning
DSP output not registered  
DSP instance i_scope/i_dfilt1_chb/r3_sum__0 is not fully pipelined on the output side. MREG/PREG are not used.
Related violations: <none>

TIMING-10#1 Warning
Missing property on synchronizer  
One or more logic synchronizer has been detected between 2 clock domains but the synchronizer does not have the property ASYNC_REG defined on one or both registers. It is recommended to run report_cdc for a complete and detailed CDC coverage
Related violations: <none>

TIMING-18#1 Warning
Missing input or output delay  
An input delay is missing on exp_n_io[0] relative to clock(s) adc_clk
Related violations: <none>

TIMING-18#2 Warning
Missing input or output delay  
An input delay is missing on exp_n_io[1] relative to clock(s) adc_clk
Related violations: <none>

TIMING-18#3 Warning
Missing input or output delay  
An input delay is missing on exp_n_io[2] relative to clock(s) adc_clk
Related violations: <none>

TIMING-18#4 Warning
Missing input or output delay  
An input delay is missing on exp_n_io[3] relative to clock(s) adc_clk
Related violations: <none>

TIMING-18#5 Warning
Missing input or output delay  
An input delay is missing on exp_n_io[4] relative to clock(s) adc_clk
Related violations: <none>

TIMING-18#6 Warning
Missing input or output delay  
An input delay is missing on exp_n_io[5] relative to clock(s) adc_clk
Related violations: <none>

TIMING-18#7 Warning
Missing input or output delay  
An input delay is missing on exp_n_io[6] relative to clock(s) adc_clk
Related violations: <none>

TIMING-18#8 Warning
Missing input or output delay  
An input delay is missing on exp_n_io[7] relative to clock(s) adc_clk
Related violations: <none>

TIMING-18#9 Warning
Missing input or output delay  
An input delay is missing on exp_p_io[0] relative to clock(s) adc_clk
Related violations: <none>

TIMING-18#10 Warning
Missing input or output delay  
An input delay is missing on exp_p_io[1] relative to clock(s) adc_clk
Related violations: <none>

TIMING-18#11 Warning
Missing input or output delay  
An input delay is missing on exp_p_io[2] relative to clock(s) adc_clk
Related violations: <none>

TIMING-18#12 Warning
Missing input or output delay  
An input delay is missing on exp_p_io[3] relative to clock(s) adc_clk
Related violations: <none>

TIMING-18#13 Warning
Missing input or output delay  
An input delay is missing on exp_p_io[4] relative to clock(s) adc_clk
Related violations: <none>

TIMING-18#14 Warning
Missing input or output delay  
An input delay is missing on exp_p_io[5] relative to clock(s) adc_clk
Related violations: <none>

TIMING-18#15 Warning
Missing input or output delay  
An input delay is missing on exp_p_io[6] relative to clock(s) adc_clk
Related violations: <none>

TIMING-18#16 Warning
Missing input or output delay  
An input delay is missing on exp_p_io[7] relative to clock(s) adc_clk
Related violations: <none>

TIMING-18#17 Warning
Missing input or output delay  
An output delay is missing on adc_clk_o[0] relative to clock(s) adc_clk
Related violations: <none>

TIMING-18#18 Warning
Missing input or output delay  
An output delay is missing on adc_clk_o[1] relative to clock(s) adc_clk
Related violations: <none>

TIMING-18#19 Warning
Missing input or output delay  
An output delay is missing on dac_dat_o[0] relative to clock(s) adc_clk
Related violations: <none>

TIMING-18#20 Warning
Missing input or output delay  
An output delay is missing on dac_dat_o[10] relative to clock(s) adc_clk
Related violations: <none>

TIMING-18#21 Warning
Missing input or output delay  
An output delay is missing on dac_dat_o[11] relative to clock(s) adc_clk
Related violations: <none>

TIMING-18#22 Warning
Missing input or output delay  
An output delay is missing on dac_dat_o[12] relative to clock(s) adc_clk
Related violations: <none>

TIMING-18#23 Warning
Missing input or output delay  
An output delay is missing on dac_dat_o[13] relative to clock(s) adc_clk
Related violations: <none>

TIMING-18#24 Warning
Missing input or output delay  
An output delay is missing on dac_dat_o[1] relative to clock(s) adc_clk
Related violations: <none>

TIMING-18#25 Warning
Missing input or output delay  
An output delay is missing on dac_dat_o[2] relative to clock(s) adc_clk
Related violations: <none>

TIMING-18#26 Warning
Missing input or output delay  
An output delay is missing on dac_dat_o[3] relative to clock(s) adc_clk
Related violations: <none>

TIMING-18#27 Warning
Missing input or output delay  
An output delay is missing on dac_dat_o[4] relative to clock(s) adc_clk
Related violations: <none>

TIMING-18#28 Warning
Missing input or output delay  
An output delay is missing on dac_dat_o[5] relative to clock(s) adc_clk
Related violations: <none>

TIMING-18#29 Warning
Missing input or output delay  
An output delay is missing on dac_dat_o[6] relative to clock(s) adc_clk
Related violations: <none>

TIMING-18#30 Warning
Missing input or output delay  
An output delay is missing on dac_dat_o[7] relative to clock(s) adc_clk
Related violations: <none>

TIMING-18#31 Warning
Missing input or output delay  
An output delay is missing on dac_dat_o[8] relative to clock(s) adc_clk
Related violations: <none>

TIMING-18#32 Warning
Missing input or output delay  
An output delay is missing on dac_dat_o[9] relative to clock(s) adc_clk
Related violations: <none>

TIMING-18#33 Warning
Missing input or output delay  
An output delay is missing on dac_pwm_o[0] relative to clock(s) adc_clk
Related violations: <none>

TIMING-18#34 Warning
Missing input or output delay  
An output delay is missing on dac_pwm_o[1] relative to clock(s) adc_clk
Related violations: <none>

TIMING-18#35 Warning
Missing input or output delay  
An output delay is missing on dac_pwm_o[2] relative to clock(s) adc_clk
Related violations: <none>

TIMING-18#36 Warning
Missing input or output delay  
An output delay is missing on dac_pwm_o[3] relative to clock(s) adc_clk
Related violations: <none>

TIMING-18#37 Warning
Missing input or output delay  
An output delay is missing on dac_rst_o relative to clock(s) adc_clk
Related violations: <none>

TIMING-18#38 Warning
Missing input or output delay  
An output delay is missing on dac_sel_o relative to clock(s) adc_clk
Related violations: <none>

TIMING-28#1 Warning
Auto-derived clock referenced by a timing constraint  
The auto-derived clock pll_adc_clk is referenced by name inside timing constraint (see constraint position 14 in the Timing Constraint window in Vivado IDE). It is recommended to reference an auto-derived clock by the pin name attached to the clock: get_clocks -of_objects [get_pins pll/pll/CLKOUT0]
Related violations: <none>

XDCC-5#1 Warning
User Non-Timing constraint/property overwritten  
A new XDC property IOSTANDARD on dac_pwm_o[0] overrides a previous user property.
New Source: E:/new/fpga_lock/v94/v0.94/project/redpitaya.srcs/constrs_1/imports/RedPitaya-FPGA-master/sdc/red_pitaya.xdc (Line: 111)
Previous Source: E:/new/fpga_lock/v94/v0.94/project/redpitaya.srcs/constrs_1/imports/RedPitaya-FPGA-master/sdc/red_pitaya.xdc (Line: 100)
Related violations: <none>

XDCC-5#2 Warning
User Non-Timing constraint/property overwritten  
A new XDC property IOSTANDARD on dac_pwm_o[1] overrides a previous user property.
New Source: E:/new/fpga_lock/v94/v0.94/project/redpitaya.srcs/constrs_1/imports/RedPitaya-FPGA-master/sdc/red_pitaya.xdc (Line: 111)
Previous Source: E:/new/fpga_lock/v94/v0.94/project/redpitaya.srcs/constrs_1/imports/RedPitaya-FPGA-master/sdc/red_pitaya.xdc (Line: 100)
Related violations: <none>

XDCC-5#3 Warning
User Non-Timing constraint/property overwritten  
A new XDC property IOSTANDARD on dac_pwm_o[2] overrides a previous user property.
New Source: E:/new/fpga_lock/v94/v0.94/project/redpitaya.srcs/constrs_1/imports/RedPitaya-FPGA-master/sdc/red_pitaya.xdc (Line: 111)
Previous Source: E:/new/fpga_lock/v94/v0.94/project/redpitaya.srcs/constrs_1/imports/RedPitaya-FPGA-master/sdc/red_pitaya.xdc (Line: 100)
Related violations: <none>

XDCC-5#4 Warning
User Non-Timing constraint/property overwritten  
A new XDC property IOSTANDARD on dac_pwm_o[3] overrides a previous user property.
New Source: E:/new/fpga_lock/v94/v0.94/project/redpitaya.srcs/constrs_1/imports/RedPitaya-FPGA-master/sdc/red_pitaya.xdc (Line: 111)
Previous Source: E:/new/fpga_lock/v94/v0.94/project/redpitaya.srcs/constrs_1/imports/RedPitaya-FPGA-master/sdc/red_pitaya.xdc (Line: 100)
Related violations: <none>

XDCH-2#1 Warning
Same min and max delay values on IO port  
The same input delay of 3.400 ns has been defined on port 'adc_dat_i[0][0]' relative to clock adc_clk for both max and min. Make sure this reflects the design intent.
set_input_delay -clock adc_clk 3.400 [get_ports {adc_dat_i[*][*]}]
E:/new/fpga_lock/v94/v0.94/project/redpitaya.srcs/constrs_1/imports/RedPitaya-FPGA-master/sdc/red_pitaya.xdc (Line: 208)
Related violations: <none>

XDCH-2#2 Warning
Same min and max delay values on IO port  
The same input delay of 3.400 ns has been defined on port 'adc_dat_i[0][10]' relative to clock adc_clk for both max and min. Make sure this reflects the design intent.
set_input_delay -clock adc_clk 3.400 [get_ports {adc_dat_i[*][*]}]
E:/new/fpga_lock/v94/v0.94/project/redpitaya.srcs/constrs_1/imports/RedPitaya-FPGA-master/sdc/red_pitaya.xdc (Line: 208)
Related violations: <none>

XDCH-2#3 Warning
Same min and max delay values on IO port  
The same input delay of 3.400 ns has been defined on port 'adc_dat_i[0][11]' relative to clock adc_clk for both max and min. Make sure this reflects the design intent.
set_input_delay -clock adc_clk 3.400 [get_ports {adc_dat_i[*][*]}]
E:/new/fpga_lock/v94/v0.94/project/redpitaya.srcs/constrs_1/imports/RedPitaya-FPGA-master/sdc/red_pitaya.xdc (Line: 208)
Related violations: <none>

XDCH-2#4 Warning
Same min and max delay values on IO port  
The same input delay of 3.400 ns has been defined on port 'adc_dat_i[0][12]' relative to clock adc_clk for both max and min. Make sure this reflects the design intent.
set_input_delay -clock adc_clk 3.400 [get_ports {adc_dat_i[*][*]}]
E:/new/fpga_lock/v94/v0.94/project/redpitaya.srcs/constrs_1/imports/RedPitaya-FPGA-master/sdc/red_pitaya.xdc (Line: 208)
Related violations: <none>

XDCH-2#5 Warning
Same min and max delay values on IO port  
The same input delay of 3.400 ns has been defined on port 'adc_dat_i[0][13]' relative to clock adc_clk for both max and min. Make sure this reflects the design intent.
set_input_delay -clock adc_clk 3.400 [get_ports {adc_dat_i[*][*]}]
E:/new/fpga_lock/v94/v0.94/project/redpitaya.srcs/constrs_1/imports/RedPitaya-FPGA-master/sdc/red_pitaya.xdc (Line: 208)
Related violations: <none>

XDCH-2#6 Warning
Same min and max delay values on IO port  
The same input delay of 3.400 ns has been defined on port 'adc_dat_i[0][14]' relative to clock adc_clk for both max and min. Make sure this reflects the design intent.
set_input_delay -clock adc_clk 3.400 [get_ports {adc_dat_i[*][*]}]
E:/new/fpga_lock/v94/v0.94/project/redpitaya.srcs/constrs_1/imports/RedPitaya-FPGA-master/sdc/red_pitaya.xdc (Line: 208)
Related violations: <none>

XDCH-2#7 Warning
Same min and max delay values on IO port  
The same input delay of 3.400 ns has been defined on port 'adc_dat_i[0][15]' relative to clock adc_clk for both max and min. Make sure this reflects the design intent.
set_input_delay -clock adc_clk 3.400 [get_ports {adc_dat_i[*][*]}]
E:/new/fpga_lock/v94/v0.94/project/redpitaya.srcs/constrs_1/imports/RedPitaya-FPGA-master/sdc/red_pitaya.xdc (Line: 208)
Related violations: <none>

XDCH-2#8 Warning
Same min and max delay values on IO port  
The same input delay of 3.400 ns has been defined on port 'adc_dat_i[0][1]' relative to clock adc_clk for both max and min. Make sure this reflects the design intent.
set_input_delay -clock adc_clk 3.400 [get_ports {adc_dat_i[*][*]}]
E:/new/fpga_lock/v94/v0.94/project/redpitaya.srcs/constrs_1/imports/RedPitaya-FPGA-master/sdc/red_pitaya.xdc (Line: 208)
Related violations: <none>

XDCH-2#9 Warning
Same min and max delay values on IO port  
The same input delay of 3.400 ns has been defined on port 'adc_dat_i[0][2]' relative to clock adc_clk for both max and min. Make sure this reflects the design intent.
set_input_delay -clock adc_clk 3.400 [get_ports {adc_dat_i[*][*]}]
E:/new/fpga_lock/v94/v0.94/project/redpitaya.srcs/constrs_1/imports/RedPitaya-FPGA-master/sdc/red_pitaya.xdc (Line: 208)
Related violations: <none>

XDCH-2#10 Warning
Same min and max delay values on IO port  
The same input delay of 3.400 ns has been defined on port 'adc_dat_i[0][3]' relative to clock adc_clk for both max and min. Make sure this reflects the design intent.
set_input_delay -clock adc_clk 3.400 [get_ports {adc_dat_i[*][*]}]
E:/new/fpga_lock/v94/v0.94/project/redpitaya.srcs/constrs_1/imports/RedPitaya-FPGA-master/sdc/red_pitaya.xdc (Line: 208)
Related violations: <none>

XDCH-2#11 Warning
Same min and max delay values on IO port  
The same input delay of 3.400 ns has been defined on port 'adc_dat_i[0][4]' relative to clock adc_clk for both max and min. Make sure this reflects the design intent.
set_input_delay -clock adc_clk 3.400 [get_ports {adc_dat_i[*][*]}]
E:/new/fpga_lock/v94/v0.94/project/redpitaya.srcs/constrs_1/imports/RedPitaya-FPGA-master/sdc/red_pitaya.xdc (Line: 208)
Related violations: <none>

XDCH-2#12 Warning
Same min and max delay values on IO port  
The same input delay of 3.400 ns has been defined on port 'adc_dat_i[0][5]' relative to clock adc_clk for both max and min. Make sure this reflects the design intent.
set_input_delay -clock adc_clk 3.400 [get_ports {adc_dat_i[*][*]}]
E:/new/fpga_lock/v94/v0.94/project/redpitaya.srcs/constrs_1/imports/RedPitaya-FPGA-master/sdc/red_pitaya.xdc (Line: 208)
Related violations: <none>

XDCH-2#13 Warning
Same min and max delay values on IO port  
The same input delay of 3.400 ns has been defined on port 'adc_dat_i[0][6]' relative to clock adc_clk for both max and min. Make sure this reflects the design intent.
set_input_delay -clock adc_clk 3.400 [get_ports {adc_dat_i[*][*]}]
E:/new/fpga_lock/v94/v0.94/project/redpitaya.srcs/constrs_1/imports/RedPitaya-FPGA-master/sdc/red_pitaya.xdc (Line: 208)
Related violations: <none>

XDCH-2#14 Warning
Same min and max delay values on IO port  
The same input delay of 3.400 ns has been defined on port 'adc_dat_i[0][7]' relative to clock adc_clk for both max and min. Make sure this reflects the design intent.
set_input_delay -clock adc_clk 3.400 [get_ports {adc_dat_i[*][*]}]
E:/new/fpga_lock/v94/v0.94/project/redpitaya.srcs/constrs_1/imports/RedPitaya-FPGA-master/sdc/red_pitaya.xdc (Line: 208)
Related violations: <none>

XDCH-2#15 Warning
Same min and max delay values on IO port  
The same input delay of 3.400 ns has been defined on port 'adc_dat_i[0][8]' relative to clock adc_clk for both max and min. Make sure this reflects the design intent.
set_input_delay -clock adc_clk 3.400 [get_ports {adc_dat_i[*][*]}]
E:/new/fpga_lock/v94/v0.94/project/redpitaya.srcs/constrs_1/imports/RedPitaya-FPGA-master/sdc/red_pitaya.xdc (Line: 208)
Related violations: <none>

XDCH-2#16 Warning
Same min and max delay values on IO port  
The same input delay of 3.400 ns has been defined on port 'adc_dat_i[0][9]' relative to clock adc_clk for both max and min. Make sure this reflects the design intent.
set_input_delay -clock adc_clk 3.400 [get_ports {adc_dat_i[*][*]}]
E:/new/fpga_lock/v94/v0.94/project/redpitaya.srcs/constrs_1/imports/RedPitaya-FPGA-master/sdc/red_pitaya.xdc (Line: 208)
Related violations: <none>

XDCH-2#17 Warning
Same min and max delay values on IO port  
The same input delay of 3.400 ns has been defined on port 'adc_dat_i[1][0]' relative to clock adc_clk for both max and min. Make sure this reflects the design intent.
set_input_delay -clock adc_clk 3.400 [get_ports {adc_dat_i[*][*]}]
E:/new/fpga_lock/v94/v0.94/project/redpitaya.srcs/constrs_1/imports/RedPitaya-FPGA-master/sdc/red_pitaya.xdc (Line: 208)
Related violations: <none>

XDCH-2#18 Warning
Same min and max delay values on IO port  
The same input delay of 3.400 ns has been defined on port 'adc_dat_i[1][10]' relative to clock adc_clk for both max and min. Make sure this reflects the design intent.
set_input_delay -clock adc_clk 3.400 [get_ports {adc_dat_i[*][*]}]
E:/new/fpga_lock/v94/v0.94/project/redpitaya.srcs/constrs_1/imports/RedPitaya-FPGA-master/sdc/red_pitaya.xdc (Line: 208)
Related violations: <none>

XDCH-2#19 Warning
Same min and max delay values on IO port  
The same input delay of 3.400 ns has been defined on port 'adc_dat_i[1][11]' relative to clock adc_clk for both max and min. Make sure this reflects the design intent.
set_input_delay -clock adc_clk 3.400 [get_ports {adc_dat_i[*][*]}]
E:/new/fpga_lock/v94/v0.94/project/redpitaya.srcs/constrs_1/imports/RedPitaya-FPGA-master/sdc/red_pitaya.xdc (Line: 208)
Related violations: <none>

XDCH-2#20 Warning
Same min and max delay values on IO port  
The same input delay of 3.400 ns has been defined on port 'adc_dat_i[1][12]' relative to clock adc_clk for both max and min. Make sure this reflects the design intent.
set_input_delay -clock adc_clk 3.400 [get_ports {adc_dat_i[*][*]}]
E:/new/fpga_lock/v94/v0.94/project/redpitaya.srcs/constrs_1/imports/RedPitaya-FPGA-master/sdc/red_pitaya.xdc (Line: 208)
Related violations: <none>

XDCH-2#21 Warning
Same min and max delay values on IO port  
The same input delay of 3.400 ns has been defined on port 'adc_dat_i[1][13]' relative to clock adc_clk for both max and min. Make sure this reflects the design intent.
set_input_delay -clock adc_clk 3.400 [get_ports {adc_dat_i[*][*]}]
E:/new/fpga_lock/v94/v0.94/project/redpitaya.srcs/constrs_1/imports/RedPitaya-FPGA-master/sdc/red_pitaya.xdc (Line: 208)
Related violations: <none>

XDCH-2#22 Warning
Same min and max delay values on IO port  
The same input delay of 3.400 ns has been defined on port 'adc_dat_i[1][14]' relative to clock adc_clk for both max and min. Make sure this reflects the design intent.
set_input_delay -clock adc_clk 3.400 [get_ports {adc_dat_i[*][*]}]
E:/new/fpga_lock/v94/v0.94/project/redpitaya.srcs/constrs_1/imports/RedPitaya-FPGA-master/sdc/red_pitaya.xdc (Line: 208)
Related violations: <none>

XDCH-2#23 Warning
Same min and max delay values on IO port  
The same input delay of 3.400 ns has been defined on port 'adc_dat_i[1][15]' relative to clock adc_clk for both max and min. Make sure this reflects the design intent.
set_input_delay -clock adc_clk 3.400 [get_ports {adc_dat_i[*][*]}]
E:/new/fpga_lock/v94/v0.94/project/redpitaya.srcs/constrs_1/imports/RedPitaya-FPGA-master/sdc/red_pitaya.xdc (Line: 208)
Related violations: <none>

XDCH-2#24 Warning
Same min and max delay values on IO port  
The same input delay of 3.400 ns has been defined on port 'adc_dat_i[1][1]' relative to clock adc_clk for both max and min. Make sure this reflects the design intent.
set_input_delay -clock adc_clk 3.400 [get_ports {adc_dat_i[*][*]}]
E:/new/fpga_lock/v94/v0.94/project/redpitaya.srcs/constrs_1/imports/RedPitaya-FPGA-master/sdc/red_pitaya.xdc (Line: 208)
Related violations: <none>

XDCH-2#25 Warning
Same min and max delay values on IO port  
The same input delay of 3.400 ns has been defined on port 'adc_dat_i[1][2]' relative to clock adc_clk for both max and min. Make sure this reflects the design intent.
set_input_delay -clock adc_clk 3.400 [get_ports {adc_dat_i[*][*]}]
E:/new/fpga_lock/v94/v0.94/project/redpitaya.srcs/constrs_1/imports/RedPitaya-FPGA-master/sdc/red_pitaya.xdc (Line: 208)
Related violations: <none>

XDCH-2#26 Warning
Same min and max delay values on IO port  
The same input delay of 3.400 ns has been defined on port 'adc_dat_i[1][3]' relative to clock adc_clk for both max and min. Make sure this reflects the design intent.
set_input_delay -clock adc_clk 3.400 [get_ports {adc_dat_i[*][*]}]
E:/new/fpga_lock/v94/v0.94/project/redpitaya.srcs/constrs_1/imports/RedPitaya-FPGA-master/sdc/red_pitaya.xdc (Line: 208)
Related violations: <none>

XDCH-2#27 Warning
Same min and max delay values on IO port  
The same input delay of 3.400 ns has been defined on port 'adc_dat_i[1][4]' relative to clock adc_clk for both max and min. Make sure this reflects the design intent.
set_input_delay -clock adc_clk 3.400 [get_ports {adc_dat_i[*][*]}]
E:/new/fpga_lock/v94/v0.94/project/redpitaya.srcs/constrs_1/imports/RedPitaya-FPGA-master/sdc/red_pitaya.xdc (Line: 208)
Related violations: <none>

XDCH-2#28 Warning
Same min and max delay values on IO port  
The same input delay of 3.400 ns has been defined on port 'adc_dat_i[1][5]' relative to clock adc_clk for both max and min. Make sure this reflects the design intent.
set_input_delay -clock adc_clk 3.400 [get_ports {adc_dat_i[*][*]}]
E:/new/fpga_lock/v94/v0.94/project/redpitaya.srcs/constrs_1/imports/RedPitaya-FPGA-master/sdc/red_pitaya.xdc (Line: 208)
Related violations: <none>

XDCH-2#29 Warning
Same min and max delay values on IO port  
The same input delay of 3.400 ns has been defined on port 'adc_dat_i[1][6]' relative to clock adc_clk for both max and min. Make sure this reflects the design intent.
set_input_delay -clock adc_clk 3.400 [get_ports {adc_dat_i[*][*]}]
E:/new/fpga_lock/v94/v0.94/project/redpitaya.srcs/constrs_1/imports/RedPitaya-FPGA-master/sdc/red_pitaya.xdc (Line: 208)
Related violations: <none>

XDCH-2#30 Warning
Same min and max delay values on IO port  
The same input delay of 3.400 ns has been defined on port 'adc_dat_i[1][7]' relative to clock adc_clk for both max and min. Make sure this reflects the design intent.
set_input_delay -clock adc_clk 3.400 [get_ports {adc_dat_i[*][*]}]
E:/new/fpga_lock/v94/v0.94/project/redpitaya.srcs/constrs_1/imports/RedPitaya-FPGA-master/sdc/red_pitaya.xdc (Line: 208)
Related violations: <none>

XDCH-2#31 Warning
Same min and max delay values on IO port  
The same input delay of 3.400 ns has been defined on port 'adc_dat_i[1][8]' relative to clock adc_clk for both max and min. Make sure this reflects the design intent.
set_input_delay -clock adc_clk 3.400 [get_ports {adc_dat_i[*][*]}]
E:/new/fpga_lock/v94/v0.94/project/redpitaya.srcs/constrs_1/imports/RedPitaya-FPGA-master/sdc/red_pitaya.xdc (Line: 208)
Related violations: <none>

XDCH-2#32 Warning
Same min and max delay values on IO port  
The same input delay of 3.400 ns has been defined on port 'adc_dat_i[1][9]' relative to clock adc_clk for both max and min. Make sure this reflects the design intent.
set_input_delay -clock adc_clk 3.400 [get_ports {adc_dat_i[*][*]}]
E:/new/fpga_lock/v94/v0.94/project/redpitaya.srcs/constrs_1/imports/RedPitaya-FPGA-master/sdc/red_pitaya.xdc (Line: 208)
Related violations: <none>


