Copyright 1986-2020 Xilinx, Inc. All Rights Reserved.
----------------------------------------------------------------------------------------------------------------------------
| Tool Version : Vivado v.2020.1 (win64) Build 2902540 Wed May 27 19:54:49 MDT 2020
| Date         : Fri Jul 24 13:09:13 2026
| Host         : lin running 64-bit major release  (build 9200)
| Command      : report_high_fanout_nets -timing -load_types -max_nets 100 -file E:/new/fpga_lock/v94/v0.94/high_fanout.rpt
| Design       : red_pitaya_top
| Device       : xc7z010
----------------------------------------------------------------------------------------------------------------------------

High Fan-out Nets Information

1. Fanout Summary
-----------------

+--------------------------------------------------------------------------------------------+--------+-------------+-----------------+-----------------+-----------------------------+-----------------------------+-----------------------------+-----------------------------+
|                                                                                            |        |             |                 |                 |         Clock Enable        |          Set/Reset          |         Data & Other        |            Clock            |
+--------------------------------------------------------------------------------------------+--------+-------------+-----------------+-----------------+-------+----+----------------+-------+----+----------------+-------+----+----------------+-------+----+----------------+
| Net Name                                                                                   | Fanout | Driver Type | Worst Slack(ns) | Worst Delay(ns) | Slice | IO | BRAM/DSP/OTHER | Slice | IO | BRAM/DSP/OTHER | Slice | IO | BRAM/DSP/OTHER | Slice | IO | BRAM/DSP/OTHER |
+--------------------------------------------------------------------------------------------+--------+-------------+-----------------+-----------------+-------+----+----------------+-------+----+----------------+-------+----+----------------+-------+----+----------------+
| i_custom_register_bank/i_deterministic_lock_acquisition/SR[0]                              |   4264 | LUT1        |           0.960 |           4.763 |     0 |  0 |              0 |  4250 |  4 |             10 |     0 |  0 |              0 |     0 |  0 |              0 |
| i_custom_register_bank/i_deterministic_lock_acquisition/arm_window_q[31]_i_1_n_0           |    327 | LUT2        |          -0.363 |           1.449 |   327 |  0 |              0 |     0 |  0 |              0 |     0 |  0 |              0 |     0 |  0 |              0 |
| rstn                                                                                       |    305 | FDRE        |          -0.007 |           7.083 |   305 |  0 |              0 |     0 |  0 |              0 |     0 |  0 |              0 |     0 |  0 |              0 |
| i_asg/ch[0]/ext_trig_in_reg[1]_0                                                           |    175 | FDRE        |           2.845 |           3.178 |     0 |  0 |              0 |     0 |  0 |              0 |   175 |  0 |              0 |     0 |  0 |              0 |
| i_custom_register_bank/i_deterministic_lock_acquisition/event_commit_pulse_q_reg_0         |    175 | FDRE        |           3.832 |           3.234 |   172 |  0 |              0 |     0 |  0 |              0 |     3 |  0 |              0 |     0 |  0 |              0 |
| i_custom_register_bank/i_deterministic_lock_acquisition/arm_accepted_w                     |    173 | LUT3        |           0.141 |           1.316 |   166 |  0 |              0 |     0 |  0 |              0 |     7 |  0 |              0 |     0 |  0 |              0 |
| ps/axi_slave_gp0/rd_do                                                                     |    171 | FDRE        |          -0.363 |           1.990 |     0 |  0 |              0 |     0 |  0 |              0 |   171 |  0 |              0 |     0 |  0 |              0 |
| i_scope/i_wr0/clear_0                                                                      |    169 | FDSE        |           3.994 |           3.230 |    64 |  0 |              0 |    37 |  0 |              0 |    68 |  0 |              0 |     0 |  0 |              0 |
| i_scope/i_wr1/clear_0                                                                      |    169 | FDSE        |           3.251 |           3.900 |    64 |  0 |              0 |    37 |  0 |              0 |    68 |  0 |              0 |     0 |  0 |              0 |
| i_asg/ch[0]/ext_trig_in_reg[2]_0                                                           |    168 | FDRE        |           2.511 |           3.340 |     0 |  0 |              0 |     0 |  0 |              0 |   168 |  0 |              0 |     0 |  0 |              0 |
| ps/axi_slave_gp0/wr_wdata_reg[31]_0[0]                                                     |    142 | FDRE        |           0.947 |           6.303 |     0 |  0 |              0 |     0 |  0 |              0 |   134 |  0 |              8 |     0 |  0 |              0 |
| i_scope/adc_arm_do                                                                         |    139 | FDRE        |           2.035 |           4.035 |     0 |  0 |              0 |     0 |  0 |              0 |   139 |  0 |              0 |     0 |  0 |              0 |
| i_custom_register_bank/i_deterministic_lock_acquisition/event_commit_pulse_q_i_1_n_0       |    138 | LUT3        |          -0.030 |           1.078 |   137 |  0 |              0 |     0 |  0 |              0 |     1 |  0 |              0 |     0 |  0 |              0 |
| ps/system_i/xadc/inst/AXI_LITE_IPIF_I/I_SLAVE_ATTACHMENT/reset2ip_reset                    |    136 | LUT2        |           1.196 |           1.267 |     0 |  0 |              0 |   136 |  0 |              0 |     0 |  0 |              0 |     0 |  0 |              0 |
| ps/axi_slave_gp0/wr_wdata_reg[31]_0[13]                                                    |    131 | FDRE        |           0.387 |           6.769 |     0 |  0 |              0 |     0 |  0 |              0 |   123 |  0 |              8 |     0 |  0 |              0 |
| i_scope/dec_valid                                                                          |    130 | CARRY4      |           1.298 |           1.422 |     0 |  0 |              0 |     0 |  0 |              0 |   130 |  0 |              0 |     0 |  0 |              0 |
| ps/axi_slave_gp0/rd_araddr_reg[2]_10                                                       |    126 | LUT3        |           0.952 |           1.627 |     0 |  0 |              0 |     0 |  0 |              0 |   126 |  0 |              0 |     0 |  0 |              0 |
| ps/axi_slave_gp0/rd_araddr_reg[2]_7                                                        |    126 | LUT3        |           0.582 |           1.951 |     0 |  0 |              0 |     0 |  0 |              0 |   126 |  0 |              0 |     0 |  0 |              0 |
| ps/axi_slave_gp0/rd_araddr_reg[2]_9                                                        |    126 | LUT3        |          -0.338 |           1.892 |     0 |  0 |              0 |     0 |  0 |              0 |   126 |  0 |              0 |     0 |  0 |              0 |
| ps/axi_slave_gp0/wr_wdata_reg[31]_0[1]                                                     |    120 | FDRE        |           0.075 |           7.093 |     0 |  0 |              0 |     0 |  0 |              0 |   112 |  0 |              8 |     0 |  0 |              0 |
| ps/axi_slave_gp0/rd_araddr_reg[5]_4                                                        |    119 | LUT3        |           1.038 |           2.739 |     0 |  0 |              0 |     0 |  0 |              0 |   119 |  0 |              0 |     0 |  0 |              0 |
| ps/axi_slave_gp0/rd_araddr_reg[5]_5                                                        |    119 | LUT3        |           0.576 |           2.852 |     0 |  0 |              0 |     0 |  0 |              0 |   119 |  0 |              0 |     0 |  0 |              0 |
| ps/axi_slave_gp0/rd_araddr_reg[5]_6                                                        |    119 | LUT3        |          -0.110 |           2.424 |     0 |  0 |              0 |     0 |  0 |              0 |   119 |  0 |              0 |     0 |  0 |              0 |
| ps/axi_slave_gp0/rd_araddr_reg[5]_7                                                        |    119 | LUT3        |           0.590 |           2.358 |     0 |  0 |              0 |     0 |  0 |              0 |   119 |  0 |              0 |     0 |  0 |              0 |
| ps/axi_slave_gp0/rd_araddr_reg[5]_8                                                        |    119 | LUT3        |           0.923 |           1.924 |     0 |  0 |              0 |     0 |  0 |              0 |   119 |  0 |              0 |     0 |  0 |              0 |
| ps/axi_slave_gp0/rd_araddr_reg[6]_0                                                        |    119 | LUT3        |           0.389 |           2.109 |     0 |  0 |              0 |     0 |  0 |              0 |   119 |  0 |              0 |     0 |  0 |              0 |
| ps/axi_slave_gp0/wr_wdata_reg[31]_0[2]                                                     |    119 | FDRE        |           0.613 |           6.481 |     0 |  0 |              0 |     0 |  0 |              0 |   111 |  0 |              8 |     0 |  0 |              0 |
| ps/axi_slave_gp0/rd_araddr_reg[3]_1                                                        |    118 | LUT3        |           1.316 |           2.202 |     0 |  0 |              0 |     0 |  0 |              0 |   118 |  0 |              0 |     0 |  0 |              0 |
| ps/axi_slave_gp0/rd_araddr_reg[3]_2                                                        |    118 | LUT3        |           1.223 |           2.779 |     0 |  0 |              0 |     0 |  0 |              0 |   118 |  0 |              0 |     0 |  0 |              0 |
| ps/axi_slave_gp0/rd_araddr_reg[6]_1                                                        |    116 | LUT3        |           1.697 |           3.150 |     0 |  0 |              0 |     0 |  0 |              0 |   116 |  0 |              0 |     0 |  0 |              0 |
| ps/axi_slave_gp0/rd_araddr_reg[6]_18                                                       |    116 | LUT3        |           0.973 |           2.376 |     0 |  0 |              0 |     0 |  0 |              0 |   116 |  0 |              0 |     0 |  0 |              0 |
| ps/axi_slave_gp0/rd_araddr_reg[6]_3                                                        |    116 | LUT3        |           1.062 |           2.723 |     0 |  0 |              0 |     0 |  0 |              0 |   116 |  0 |              0 |     0 |  0 |              0 |
| ps/axi_slave_gp0/rd_araddr_reg[6]_4                                                        |    116 | LUT3        |           0.742 |           2.300 |     0 |  0 |              0 |     0 |  0 |              0 |   116 |  0 |              0 |     0 |  0 |              0 |
| ps/axi_slave_gp0/rd_araddr_reg[6]_5                                                        |    116 | LUT3        |           0.858 |           2.315 |     0 |  0 |              0 |     0 |  0 |              0 |   116 |  0 |              0 |     0 |  0 |              0 |
| ps/axi_slave_gp0/wr_wdata_reg[31]_0[3]                                                     |    114 | FDRE        |           0.763 |           6.323 |     0 |  0 |              0 |     0 |  0 |              0 |   106 |  0 |              8 |     0 |  0 |              0 |
| ps/axi_slave_gp0/rd_araddr_reg[4]_7                                                        |    109 | LUT3        |           0.182 |           2.264 |     0 |  0 |              0 |     0 |  0 |              0 |   109 |  0 |              0 |     0 |  0 |              0 |
| ps/axi_slave_gp0/rd_araddr_reg[4]_8                                                        |    109 | LUT3        |           1.178 |           1.950 |     0 |  0 |              0 |     0 |  0 |              0 |   109 |  0 |              0 |     0 |  0 |              0 |
| ps/axi_master_0/axi_wwr_pt_reg[0]                                                          |    108 | FDRE        |           3.555 |           3.103 |     0 |  0 |              0 |     0 |  0 |              0 |   108 |  0 |              0 |     0 |  0 |              0 |
| ps/axi_master_1/axi_wwr_pt_reg_n_0_[0]                                                     |    108 | FDRE        |           5.275 |           2.153 |     0 |  0 |              0 |     0 |  0 |              0 |   108 |  0 |              0 |     0 |  0 |              0 |
| ps/axi_slave_gp0/wr_wdata_reg[31]_0[12]                                                    |    108 | FDRE        |           1.221 |           5.714 |     0 |  0 |              0 |     0 |  0 |              0 |   100 |  0 |              8 |     0 |  0 |              0 |
| ps/axi_master_0/axi_wwr_pt_reg[1]                                                          |    107 | FDRE        |           5.666 |           1.760 |     0 |  0 |              0 |     0 |  0 |              0 |   107 |  0 |              0 |     0 |  0 |              0 |
| ps/axi_master_1/axi_wwr_pt_reg_n_0_[1]                                                     |    107 | FDRE        |           5.550 |           1.879 |     0 |  0 |              0 |     0 |  0 |              0 |   107 |  0 |              0 |     0 |  0 |              0 |
| ps/axi_master_0/axi_wwr_pt_reg[2]                                                          |    106 | FDRE        |           5.531 |           1.901 |     0 |  0 |              0 |     0 |  0 |              0 |   106 |  0 |              0 |     0 |  0 |              0 |
| ps/axi_master_1/axi_wwr_pt_reg_n_0_[2]                                                     |    106 | FDRE        |           5.237 |           1.673 |     0 |  0 |              0 |     0 |  0 |              0 |   106 |  0 |              0 |     0 |  0 |              0 |
| ps/axi_master_0/axi_wwr_pt_reg[3]                                                          |    105 | FDRE        |           5.665 |           1.703 |     0 |  0 |              0 |     0 |  0 |              0 |   105 |  0 |              0 |     0 |  0 |              0 |
| ps/axi_master_1/axi_wwr_pt_reg_n_0_[3]                                                     |    105 | FDRE        |           5.333 |           1.957 |     0 |  0 |              0 |     0 |  0 |              0 |   105 |  0 |              0 |     0 |  0 |              0 |
| ps/axi_master_0/axi_wfifo_reg_0_15_0_5_i_1_n_0                                             |    104 | LUT3        |           3.773 |           1.344 |   104 |  0 |              0 |     0 |  0 |              0 |     0 |  0 |              0 |     0 |  0 |              0 |
| ps/axi_master_1/axi_wfifo_reg_0_15_0_5_i_1__0_n_0                                          |    104 | LUT3        |           4.128 |           1.211 |   104 |  0 |              0 |     0 |  0 |              0 |     0 |  0 |              0 |     0 |  0 |              0 |
| ps/axi_slave_gp0/ps_sys\\.addr[7]                                                          |    104 | LUT3        |           0.391 |           2.339 |     0 |  0 |              0 |     0 |  0 |              0 |   104 |  0 |              0 |     0 |  0 |              0 |
| ps/axi_slave_gp0/rd_araddr_reg[4]_1                                                        |    104 | LUT3        |           1.023 |           2.576 |     0 |  0 |              0 |     0 |  0 |              0 |   104 |  0 |              0 |     0 |  0 |              0 |
| ps/axi_slave_gp0/rd_araddr_reg[4]_2                                                        |    104 | LUT3        |           0.707 |           1.907 |     0 |  0 |              0 |     0 |  0 |              0 |   104 |  0 |              0 |     0 |  0 |              0 |
| ps/axi_slave_gp0/rd_araddr_reg[4]_27                                                       |    104 | LUT3        |           1.351 |           2.545 |     0 |  0 |              0 |     0 |  0 |              0 |   104 |  0 |              0 |     0 |  0 |              0 |
| ps/axi_slave_gp0/rd_araddr_reg[4]_3                                                        |    104 | LUT3        |           1.520 |           2.263 |     0 |  0 |              0 |     0 |  0 |              0 |   104 |  0 |              0 |     0 |  0 |              0 |
| ps/axi_slave_gp0/rd_araddr_reg[4]_4                                                        |    104 | LUT3        |           0.524 |           3.118 |     0 |  0 |              0 |     0 |  0 |              0 |   104 |  0 |              0 |     0 |  0 |              0 |
| i_scope/i_dfilt1_cha/pp_mult_i_2_n_0                                                       |    103 | LUT2        |           2.331 |           3.523 |     0 |  0 |              0 |    96 |  0 |              7 |     0 |  0 |              0 |     0 |  0 |              0 |
| ps/axi_slave_gp0/wr_wdata_reg[31]_0[4]                                                     |    103 | FDRE        |           1.026 |           6.162 |     0 |  0 |              0 |     0 |  0 |              0 |    95 |  0 |              8 |     0 |  0 |              0 |
| ps/axi_slave_gp0/wr_wdata_reg[31]_0[5]                                                     |    103 | FDRE        |           0.415 |           6.829 |     0 |  0 |              0 |     0 |  0 |              0 |    95 |  0 |              8 |     0 |  0 |              0 |
| ps/axi_slave_gp0/wr_wdata_reg[31]_0[7]                                                     |    103 | FDRE        |           0.328 |           6.751 |     0 |  0 |              0 |     0 |  0 |              0 |    95 |  0 |              8 |     0 |  0 |              0 |
| i_scope/adc_dly_cnt[0]_i_3_n_0                                                             |    102 | LUT6        |           0.778 |           1.520 |     0 |  0 |              0 |     0 |  0 |              0 |   102 |  0 |              0 |     0 |  0 |              0 |
| ps/axi_slave_gp0/rd_araddr_reg[7]_0                                                        |    102 | LUT3        |           0.647 |           1.935 |     0 |  0 |              0 |     0 |  0 |              0 |   102 |  0 |              0 |     0 |  0 |              0 |
| ps/axi_slave_gp0/wr_wdata_reg[31]_0[6]                                                     |    102 | FDRE        |           0.913 |           5.625 |     0 |  0 |              0 |     0 |  0 |              0 |    94 |  0 |              8 |     0 |  0 |              0 |
| i_custom_register_bank/i_deterministic_lock_acquisition/arm_commit_event_payload_q_reg_n_0 |    101 | FDRE        |           2.488 |           3.467 |     0 |  0 |              0 |     0 |  0 |              0 |   101 |  0 |              0 |     0 |  0 |              0 |
| ps/axi_slave_gp0/rd_araddr_reg[3]_12                                                       |    100 | LUT3        |           1.763 |           1.958 |     0 |  0 |              0 |     0 |  0 |              0 |   100 |  0 |              0 |     0 |  0 |              0 |
| i_scope/adc_dv_r[2]                                                                        |     99 | FDRE        |           1.693 |           3.292 |     0 |  0 |              0 |     0 |  0 |              0 |    99 |  0 |              0 |     0 |  0 |              0 |
| ps/axi_slave_gp0/rd_araddr_reg[2]_1                                                        |     98 | LUT3        |           1.361 |           2.989 |     0 |  0 |              0 |     0 |  0 |              0 |    98 |  0 |              0 |     0 |  0 |              0 |
| ps/axi_slave_gp0/rd_araddr_reg[2]_2                                                        |     98 | LUT3        |           1.227 |           2.394 |     0 |  0 |              0 |     0 |  0 |              0 |    98 |  0 |              0 |     0 |  0 |              0 |
| ps/axi_slave_gp0/wr_wdata_reg[31]_0[8]                                                     |     98 | FDRE        |           0.334 |           6.822 |     0 |  0 |              0 |     0 |  0 |              0 |    90 |  0 |              8 |     0 |  0 |              0 |
| ps/axi_slave_gp0/ps_sys\\.addr[20]                                                         |     97 | LUT3        |           0.168 |           1.078 |     0 |  0 |              0 |     0 |  0 |              0 |    97 |  0 |              0 |     0 |  0 |              0 |
| ps/axi_slave_gp0/ps_sys\\.addr[21]                                                         |     97 | LUT3        |           0.163 |           2.910 |     0 |  0 |              0 |     0 |  0 |              0 |    97 |  0 |              0 |     0 |  0 |              0 |
| ps/axi_slave_gp0/rd_araddr_reg[3]_10                                                       |     96 | LUT3        |          -0.363 |           2.229 |     0 |  0 |              0 |     0 |  0 |              0 |    96 |  0 |              0 |     0 |  0 |              0 |
| ps/axi_slave_gp0/rd_araddr_reg[3]_11                                                       |     96 | LUT3        |           1.787 |           2.161 |     0 |  0 |              0 |     0 |  0 |              0 |    96 |  0 |              0 |     0 |  0 |              0 |
| ps/axi_slave_gp0/rd_araddr_reg[3]_9                                                        |     96 | LUT3        |           0.565 |           1.746 |     0 |  0 |              0 |     0 |  0 |              0 |    96 |  0 |              0 |     0 |  0 |              0 |
| ps/axi_slave_gp0/wr_wdata_reg[31]_0[9]                                                     |     96 | FDRE        |           0.747 |           6.403 |     0 |  0 |              0 |     0 |  0 |              0 |    88 |  0 |              8 |     0 |  0 |              0 |
| ps/axi_slave_gp0/rd_araddr_reg[3]_14                                                       |     94 | LUT3        |           1.634 |           3.043 |     0 |  0 |              0 |     0 |  0 |              0 |    94 |  0 |              0 |     0 |  0 |              0 |
| ps/axi_slave_gp0/rd_araddr_reg[3]_15                                                       |     94 | LUT3        |           0.659 |           2.627 |     0 |  0 |              0 |     0 |  0 |              0 |    94 |  0 |              0 |     0 |  0 |              0 |
| ps/axi_slave_gp0/rd_araddr_reg[3]_16                                                       |     94 | LUT3        |           1.466 |           2.260 |     0 |  0 |              0 |     0 |  0 |              0 |    94 |  0 |              0 |     0 |  0 |              0 |
| i_scope/i_dfilt1_chb/pp_mult_i_2__0_n_0                                                    |     88 | LUT2        |           2.422 |           3.269 |     0 |  0 |              0 |    81 |  0 |              7 |     0 |  0 |              0 |     0 |  0 |              0 |
| ps/axi_slave_gp0/ps_sys\\.addr[0]                                                          |     87 | LUT3        |           0.220 |           1.247 |     0 |  0 |              0 |     0 |  0 |              0 |    87 |  0 |              0 |     0 |  0 |              0 |
| i_asg/ch[0]/dac_do                                                                         |     86 | FDRE        |           2.285 |           2.708 |     0 |  0 |              0 |     0 |  0 |              0 |    86 |  0 |              0 |     0 |  0 |              0 |
| i_asg/ch[1]/dac_do                                                                         |     86 | FDRE        |           3.139 |           2.265 |     0 |  0 |              0 |     0 |  0 |              0 |    86 |  0 |              0 |     0 |  0 |              0 |
| i_hk/daisy_mode[0]                                                                         |     85 | FDRE        |           1.106 |           1.067 |     0 |  0 |              0 |    17 |  0 |              0 |    68 |  0 |              0 |     0 |  0 |              0 |
| ps/axi_slave_gp0/ps_sys\\.addr[1]                                                          |     83 | LUT3        |           1.254 |           1.396 |     0 |  0 |              0 |     0 |  0 |              0 |    83 |  0 |              0 |     0 |  0 |              0 |
| ps/axi_master_0/axi_wrd_pt_reg[0]                                                          |     82 | FDRE        |           4.624 |           2.347 |     0 |  0 |              0 |     0 |  0 |              0 |    82 |  0 |              0 |     0 |  0 |              0 |
| ps/axi_master_1/axi_wrd_pt_reg_n_0_[0]                                                     |     82 | FDRE        |           4.404 |           2.075 |     0 |  0 |              0 |     0 |  0 |              0 |    82 |  0 |              0 |     0 |  0 |              0 |
| i_scope/axi_a_dat_dv                                                                       |     81 | FDRE        |           3.663 |           1.558 |    75 |  0 |              0 |     0 |  0 |              0 |     6 |  0 |              0 |     0 |  0 |              0 |
| i_scope/axi_b_dat_dv                                                                       |     81 | FDRE        |           3.202 |           2.122 |    75 |  0 |              0 |     0 |  0 |              0 |     6 |  0 |              0 |     0 |  0 |              0 |
| ps/axi_master_0/axi_wrd_pt_reg[1]                                                          |     81 | FDRE        |           4.616 |           1.742 |     0 |  0 |              0 |     0 |  0 |              0 |    81 |  0 |              0 |     0 |  0 |              0 |
| ps/axi_master_1/axi_wrd_pt_reg_n_0_[1]                                                     |     81 | FDRE        |           5.182 |           1.986 |     0 |  0 |              0 |     0 |  0 |              0 |    81 |  0 |              0 |     0 |  0 |              0 |
| ps/axi_master_0/axi_wrd_pt_reg[2]                                                          |     80 | FDRE        |           4.756 |           2.650 |     0 |  0 |              0 |     0 |  0 |              0 |    80 |  0 |              0 |     0 |  0 |              0 |
| ps/axi_master_1/axi_wrd_pt_reg_n_0_[2]                                                     |     80 | FDRE        |           4.832 |           2.412 |     0 |  0 |              0 |     0 |  0 |              0 |    80 |  0 |              0 |     0 |  0 |              0 |
| i_scope/axi_a_fifo_rd                                                                      |     79 | LUT4        |           3.082 |           1.281 |     0 |  0 |              0 |     0 |  0 |              0 |    79 |  0 |              0 |     0 |  0 |              0 |
| i_scope/axi_b_fifo_rd                                                                      |     79 | LUT4        |           3.087 |           1.294 |     0 |  0 |              0 |     0 |  0 |              0 |    79 |  0 |              0 |     0 |  0 |              0 |
| ps/axi_master_0/axi_wrd_pt_reg[3]                                                          |     79 | FDRE        |           3.965 |           3.220 |     0 |  0 |              0 |     0 |  0 |              0 |    79 |  0 |              0 |     0 |  0 |              0 |
| ps/axi_master_1/axi_wrd_pt_reg_n_0_[3]                                                     |     79 | FDRE        |           4.310 |           2.150 |     0 |  0 |              0 |     0 |  0 |              0 |    79 |  0 |              0 |     0 |  0 |              0 |
| ps/axi_slave_gp0/ps_sys\\.addr[22]                                                         |     78 | LUT3        |          -0.010 |           0.935 |     0 |  0 |              0 |     0 |  0 |              0 |    78 |  0 |              0 |     0 |  0 |              0 |
| i_scope/axi_a_dat_fifo_reg[2][0]_srl4_i_1_n_0                                              |     75 | LUT1        |           3.242 |           1.847 |     0 |  0 |              0 |     0 |  0 |              0 |    75 |  0 |              0 |     0 |  0 |              0 |
| i_scope/axi_a_dat_fifo_reg[2][0]_srl4_i_2_n_0                                              |     75 | LUT2        |           2.485 |           1.987 |     0 |  0 |              0 |     0 |  0 |              0 |    75 |  0 |              0 |     0 |  0 |              0 |
| i_scope/axi_a_fifo_o[74]_i_1_n_0                                                           |     75 | LUT2        |           3.082 |           1.102 |    75 |  0 |              0 |     0 |  0 |              0 |     0 |  0 |              0 |     0 |  0 |              0 |
| i_scope/axi_b_dat_fifo_reg[2][0]_srl4_i_1_n_0                                              |     75 | LUT1        |           2.571 |           2.243 |     0 |  0 |              0 |     0 |  0 |              0 |    75 |  0 |              0 |     0 |  0 |              0 |
| i_scope/axi_b_dat_fifo_reg[2][0]_srl4_i_2_n_0                                              |     75 | LUT2        |           3.036 |           1.993 |     0 |  0 |              0 |     0 |  0 |              0 |    75 |  0 |              0 |     0 |  0 |              0 |
+--------------------------------------------------------------------------------------------+--------+-------------+-----------------+-----------------+-------+----+----------------+-------+----+----------------+-------+----+----------------+-------+----+----------------+


