Copyright 1986-2020 Xilinx, Inc. All Rights Reserved.
------------------------------------------------------------------------------------------------------
| Tool Version : Vivado v.2020.1 (win64) Build 2902540 Wed May 27 19:54:49 MDT 2020
| Date         : Fri Jul 24 12:49:50 2026
| Host         : lin running 64-bit major release  (build 9200)
| Command      : report_utilization -hierarchical -file E:/new/fpga_lock/v94/v0.94/utilization_D1.rpt
| Design       : red_pitaya_top
| Device       : 7z010clg400-1
| Design State : Routed
------------------------------------------------------------------------------------------------------

Utilization Design Information

Table of Contents
-----------------
1. Utilization by Hierarchy

1. Utilization by Hierarchy
---------------------------

+----------------------------------------------------+---------------------------------------------------------------------------------------------------+------------+------------+---------+------+------+--------+--------+------------+
|                      Instance                      |                                               Module                                              | Total LUTs | Logic LUTs | LUTRAMs | SRLs |  FFs | RAMB36 | RAMB18 | DSP Blocks |
+----------------------------------------------------+---------------------------------------------------------------------------------------------------+------------+------------+---------+------+------+--------+--------+------------+
| red_pitaya_top                                     |                                                                                             (top) |       7162 |       6799 |     160 |  203 | 8567 |     38 |      0 |         12 |
|   (red_pitaya_top)                                 |                                                                                             (top) |          1 |          1 |       0 |    0 |  173 |      0 |      0 |          0 |
|   i_ams                                            |                                                                                    red_pitaya_ams |          8 |          8 |       0 |    0 |   41 |      0 |      0 |          0 |
|   i_asg                                            |                                                                                    red_pitaya_asg |        858 |        858 |       0 |    0 | 1256 |     14 |      0 |          0 |
|     (i_asg)                                        |                                                                                    red_pitaya_asg |         65 |         65 |       0 |    0 |  737 |      0 |      0 |          0 |
|     ch[0]                                          |                                                                                 red_pitaya_asg_ch |        398 |        398 |       0 |    0 |  261 |      7 |      0 |          0 |
|     ch[1]                                          |                                                                               red_pitaya_asg_ch_6 |        395 |        395 |       0 |    0 |  258 |      7 |      0 |          0 |
|   i_custom_debug_capture                           |                                                                              custom_debug_capture |        113 |        113 |       0 |    0 |   91 |      8 |      0 |          0 |
|   i_custom_register_bank                           |                                                                              custom_register_bank |        853 |        853 |       0 |    0 | 1520 |      0 |      0 |          0 |
|     (i_custom_register_bank)                       |                                                                              custom_register_bank |        357 |        357 |       0 |    0 |  531 |      0 |      0 |          0 |
|     i_deterministic_lock_acquisition               |                                                                    deterministic_lock_acquisition |        496 |        496 |       0 |    0 |  989 |      0 |      0 |          0 |
|   i_daisy                                          |                                                                                  red_pitaya_daisy |        178 |        175 |       0 |    3 |  559 |      0 |      0 |          0 |
|     (i_daisy)                                      |                                                                                  red_pitaya_daisy |         79 |         79 |       0 |    0 |  248 |      0 |      0 |          0 |
|     i_rx                                           |                                                                               red_pitaya_daisy_rx |         31 |         30 |       0 |    1 |   86 |      0 |      0 |          0 |
|     i_test                                         |                                                                             red_pitaya_daisy_test |         53 |         51 |       0 |    2 |  204 |      0 |      0 |          0 |
|     i_tx                                           |                                                                               red_pitaya_daisy_tx |         16 |         16 |       0 |    0 |   21 |      0 |      0 |          0 |
|   i_error_setpoint_corrector                       |                                                                          error_setpoint_corrector |         16 |         16 |       0 |    0 |   14 |      0 |      0 |          0 |
|   i_hk                                             |                                                                                     red_pitaya_hk |         32 |         32 |       0 |    0 |  149 |      0 |      0 |          0 |
|   i_laser_lock_core                                |                                                                                   laser_lock_core |        209 |        209 |       0 |    0 |   74 |      0 |      0 |          1 |
|     i_lpf_core                                     |                                                                                          lpf_core |        115 |        115 |       0 |    0 |   46 |      0 |      0 |          0 |
|     i_mixer_core                                   |                                                                                        mixer_core |         43 |         43 |       0 |    0 |   14 |      0 |      0 |          1 |
|     u_output_protect                               |                                                                                    output_protect |         51 |         51 |       0 |    0 |   14 |      0 |      0 |          0 |
|   i_out2_lock_controller                           |                                                                              out2_lock_controller |        316 |        277 |       0 |   39 |  189 |      0 |      0 |          1 |
|   i_pid                                            |                                                                                    red_pitaya_pid |         76 |         76 |       0 |    0 |  243 |      0 |      0 |          0 |
|   i_ramp_generator                                 |                                                                                    ramp_generator |        192 |        192 |       0 |    0 |  201 |      0 |      0 |          0 |
|   i_scope                                          |                                                                                  red_pitaya_scope |       1956 |       1843 |       0 |  113 | 2614 |     16 |      0 |         10 |
|     (i_scope)                                      |                                                                                  red_pitaya_scope |        807 |        694 |       0 |  113 | 1716 |     14 |      0 |          0 |
|     dec_avg_div_a                                  |                                                                                            divide |        159 |        159 |       0 |    0 |  171 |      0 |      0 |          0 |
|       (dec_avg_div_a)                              |                                                                                            divide |        108 |        108 |       0 |    0 |  171 |      0 |      0 |          0 |
|       inst_loop[0].radix2_inst_blk.i_div_add_sub   |                                                                                div_add_sub_rad2_4 |         16 |         16 |       0 |    0 |    0 |      0 |      0 |          0 |
|       inst_loop[1].radix2_inst_blk.i_div_add_sub   |                                                                                div_add_sub_rad2_5 |         35 |         35 |       0 |    0 |    0 |      0 |      0 |          0 |
|     dec_avg_div_b                                  |                                                                                          divide_0 |        161 |        161 |       0 |    0 |  188 |      0 |      0 |          0 |
|       (dec_avg_div_b)                              |                                                                                          divide_0 |        110 |        110 |       0 |    0 |  188 |      0 |      0 |          0 |
|       inst_loop[0].radix2_inst_blk.i_div_add_sub   |                                                                                  div_add_sub_rad2 |         16 |         16 |       0 |    0 |    0 |      0 |      0 |          0 |
|       inst_loop[1].radix2_inst_blk.i_div_add_sub   |                                                                                div_add_sub_rad2_3 |         35 |         35 |       0 |    0 |    0 |      0 |      0 |          0 |
|     i_dfilt1_cha                                   |                                                                                 red_pitaya_dfilt1 |        159 |        159 |       0 |    0 |  110 |      0 |      0 |          5 |
|     i_dfilt1_chb                                   |                                                                               red_pitaya_dfilt1_1 |        159 |        159 |       0 |    0 |   95 |      0 |      0 |          5 |
|     i_wr0                                          |                                                                                       axi_wr_fifo |        258 |        258 |       0 |    0 |  167 |      1 |      0 |          0 |
|     i_wr1                                          |                                                                                     axi_wr_fifo_2 |        257 |        257 |       0 |    0 |  167 |      1 |      0 |          0 |
|   pdm                                              |                                                                                    red_pitaya_pdm |         76 |         76 |       0 |    0 |   64 |      0 |      0 |          0 |
|   pll                                              |                                                                                    red_pitaya_pll |          1 |          1 |       0 |    0 |    0 |      0 |      0 |          0 |
|   ps                                               |                                                                                     red_pitaya_ps |       2317 |       2109 |     160 |   48 | 1379 |      0 |      0 |          0 |
|     (ps)                                           |                                                                                     red_pitaya_ps |         21 |         21 |       0 |    0 |    0 |      0 |      0 |          0 |
|     axi_master_0                                   |                                                                                        axi_master |        116 |         36 |      80 |    0 |  147 |      0 |      0 |          0 |
|     axi_master_1                                   |                                                                        axi_master__parameterized0 |        117 |         37 |      80 |    0 |  147 |      0 |      0 |          0 |
|     axi_slave_gp0                                  |                                                                                        axi4_slave |       1490 |       1490 |       0 |    0 |  174 |      0 |      0 |          0 |
|     system_i                                       |                                                                                            system |        573 |        525 |       0 |   48 |  911 |      0 |      0 |          0 |
|       (system_i)                                   |                                                                                            system |          0 |          0 |       0 |    0 |    0 |      0 |      0 |          0 |
|       axi_protocol_converter_0                     |                                                                 system_axi_protocol_converter_0_0 |        349 |        302 |       0 |   47 |  440 |      0 |      0 |          0 |
|         inst                                       |          system_axi_protocol_converter_0_0__axi_protocol_converter_v2_1_21_axi_protocol_converter |        349 |        302 |       0 |   47 |  440 |      0 |      0 |          0 |
|           gen_axilite.gen_b2s_conv.axilite_b2s     |                             system_axi_protocol_converter_0_0__axi_protocol_converter_v2_1_21_b2s |        349 |        302 |       0 |   47 |  440 |      0 |      0 |          0 |
|             (gen_axilite.gen_b2s_conv.axilite_b2s) |                             system_axi_protocol_converter_0_0__axi_protocol_converter_v2_1_21_b2s |          1 |          1 |       0 |    0 |    1 |      0 |      0 |          0 |
|             RD.ar_channel_0                        |                  system_axi_protocol_converter_0_0__axi_protocol_converter_v2_1_21_b2s_ar_channel |         79 |         79 |       0 |    0 |   81 |      0 |      0 |          0 |
|               (RD.ar_channel_0)                    |                  system_axi_protocol_converter_0_0__axi_protocol_converter_v2_1_21_b2s_ar_channel |          0 |          0 |       0 |    0 |   12 |      0 |      0 |          0 |
|               ar_cmd_fsm_0                         |                  system_axi_protocol_converter_0_0__axi_protocol_converter_v2_1_21_b2s_rd_cmd_fsm |         35 |         35 |       0 |    0 |    2 |      0 |      0 |          0 |
|               cmd_translator_0                     |            system_axi_protocol_converter_0_0__axi_protocol_converter_v2_1_21_b2s_cmd_translator_1 |         44 |         44 |       0 |    0 |   67 |      0 |      0 |          0 |
|                 (cmd_translator_0)                 |            system_axi_protocol_converter_0_0__axi_protocol_converter_v2_1_21_b2s_cmd_translator_1 |          2 |          2 |       0 |    0 |    3 |      0 |      0 |          0 |
|                 incr_cmd_0                         |                  system_axi_protocol_converter_0_0__axi_protocol_converter_v2_1_21_b2s_incr_cmd_2 |         31 |         31 |       0 |    0 |   22 |      0 |      0 |          0 |
|                 wrap_cmd_0                         |                  system_axi_protocol_converter_0_0__axi_protocol_converter_v2_1_21_b2s_wrap_cmd_3 |         11 |         11 |       0 |    0 |   42 |      0 |      0 |          0 |
|             RD.r_channel_0                         |                   system_axi_protocol_converter_0_0__axi_protocol_converter_v2_1_21_b2s_r_channel |         47 |         14 |       0 |   33 |   24 |      0 |      0 |          0 |
|               (RD.r_channel_0)                     |                   system_axi_protocol_converter_0_0__axi_protocol_converter_v2_1_21_b2s_r_channel |          0 |          0 |       0 |    0 |   14 |      0 |      0 |          0 |
|               rd_data_fifo_0                       | system_axi_protocol_converter_0_0__axi_protocol_converter_v2_1_21_b2s_simple_fifo__parameterized1 |         28 |          8 |       0 |   20 |    5 |      0 |      0 |          0 |
|               transaction_fifo_0                   | system_axi_protocol_converter_0_0__axi_protocol_converter_v2_1_21_b2s_simple_fifo__parameterized2 |         21 |          8 |       0 |   13 |    5 |      0 |      0 |          0 |
|             SI_REG                                 |                  system_axi_protocol_converter_0_0__axi_register_slice_v2_1_21_axi_register_slice |        109 |        109 |       0 |    0 |  232 |      0 |      0 |          0 |
|               ar.ar_pipe                           |                 system_axi_protocol_converter_0_0__axi_register_slice_v2_1_21_axic_register_slice |         37 |         37 |       0 |    0 |   67 |      0 |      0 |          0 |
|               aw.aw_pipe                           |               system_axi_protocol_converter_0_0__axi_register_slice_v2_1_21_axic_register_slice_0 |         41 |         41 |       0 |    0 |   67 |      0 |      0 |          0 |
|               b.b_pipe                             | system_axi_protocol_converter_0_0__axi_register_slice_v2_1_21_axic_register_slice__parameterized1 |         10 |         10 |       0 |    0 |   30 |      0 |      0 |          0 |
|               r.r_pipe                             | system_axi_protocol_converter_0_0__axi_register_slice_v2_1_21_axic_register_slice__parameterized2 |         21 |         21 |       0 |    0 |   68 |      0 |      0 |          0 |
|             WR.aw_channel_0                        |                  system_axi_protocol_converter_0_0__axi_protocol_converter_v2_1_21_b2s_aw_channel |         82 |         82 |       0 |    0 |   85 |      0 |      0 |          0 |
|               (WR.aw_channel_0)                    |                  system_axi_protocol_converter_0_0__axi_protocol_converter_v2_1_21_b2s_aw_channel |          0 |          0 |       0 |    0 |   16 |      0 |      0 |          0 |
|               aw_cmd_fsm_0                         |                  system_axi_protocol_converter_0_0__axi_protocol_converter_v2_1_21_b2s_wr_cmd_fsm |         16 |         16 |       0 |    0 |    2 |      0 |      0 |          0 |
|               cmd_translator_0                     |              system_axi_protocol_converter_0_0__axi_protocol_converter_v2_1_21_b2s_cmd_translator |         66 |         66 |       0 |    0 |   67 |      0 |      0 |          0 |
|                 (cmd_translator_0)                 |              system_axi_protocol_converter_0_0__axi_protocol_converter_v2_1_21_b2s_cmd_translator |          1 |          1 |       0 |    0 |    3 |      0 |      0 |          0 |
|                 incr_cmd_0                         |                    system_axi_protocol_converter_0_0__axi_protocol_converter_v2_1_21_b2s_incr_cmd |         40 |         40 |       0 |    0 |   22 |      0 |      0 |          0 |
|                 wrap_cmd_0                         |                    system_axi_protocol_converter_0_0__axi_protocol_converter_v2_1_21_b2s_wrap_cmd |         25 |         25 |       0 |    0 |   42 |      0 |      0 |          0 |
|             WR.b_channel_0                         |                   system_axi_protocol_converter_0_0__axi_protocol_converter_v2_1_21_b2s_b_channel |         38 |         24 |       0 |   14 |   17 |      0 |      0 |          0 |
|               (WR.b_channel_0)                     |                   system_axi_protocol_converter_0_0__axi_protocol_converter_v2_1_21_b2s_b_channel |          8 |          8 |       0 |    0 |   13 |      0 |      0 |          0 |
|               bid_fifo_0                           |                 system_axi_protocol_converter_0_0__axi_protocol_converter_v2_1_21_b2s_simple_fifo |         24 |         12 |       0 |   12 |    2 |      0 |      0 |          0 |
|               bresp_fifo_0                         | system_axi_protocol_converter_0_0__axi_protocol_converter_v2_1_21_b2s_simple_fifo__parameterized0 |          6 |          4 |       0 |    2 |    2 |      0 |      0 |          0 |
|       axi_register_slice_0                         |                                                                     system_axi_register_slice_0_0 |         48 |         48 |       0 |    0 |  200 |      0 |      0 |          0 |
|         inst                                       |                      system_axi_register_slice_0_0__axi_register_slice_v2_1_21_axi_register_slice |         48 |         48 |       0 |    0 |  200 |      0 |      0 |          0 |
|           ar.ar_pipe                               |                     system_axi_register_slice_0_0__axi_register_slice_v2_1_21_axic_register_slice |          3 |          3 |       0 |    0 |   34 |      0 |      0 |          0 |
|           aw.aw_pipe                               |                   system_axi_register_slice_0_0__axi_register_slice_v2_1_21_axic_register_slice_0 |          5 |          5 |       0 |    0 |   35 |      0 |      0 |          0 |
|           b.b_pipe                                 |     system_axi_register_slice_0_0__axi_register_slice_v2_1_21_axic_register_slice__parameterized1 |          3 |          3 |       0 |    0 |   16 |      0 |      0 |          0 |
|           r.r_pipe                                 |     system_axi_register_slice_0_0__axi_register_slice_v2_1_21_axic_register_slice__parameterized2 |         21 |         21 |       0 |    0 |   68 |      0 |      0 |          0 |
|           w.w_pipe                                 |     system_axi_register_slice_0_0__axi_register_slice_v2_1_21_axic_register_slice__parameterized0 |         16 |         16 |       0 |    0 |   47 |      0 |      0 |          0 |
|       proc_sys_reset                               |                                                                           system_proc_sys_reset_0 |         17 |         16 |       0 |    1 |   34 |      0 |      0 |          0 |
|         U0                                         |                                                           system_proc_sys_reset_0__proc_sys_reset |         17 |         16 |       0 |    1 |   34 |      0 |      0 |          0 |
|           (U0)                                     |                                                           system_proc_sys_reset_0__proc_sys_reset |          0 |          0 |       0 |    0 |    2 |      0 |      0 |          0 |
|           EXT_LPF                                  |                                                                      system_proc_sys_reset_0__lpf |          4 |          3 |       0 |    1 |   14 |      0 |      0 |          0 |
|             (EXT_LPF)                              |                                                                      system_proc_sys_reset_0__lpf |          2 |          1 |       0 |    1 |    6 |      0 |      0 |          0 |
|             ACTIVE_LOW_AUX.ACT_LO_AUX              |                                                                 system_proc_sys_reset_0__cdc_sync |          1 |          1 |       0 |    0 |    4 |      0 |      0 |          0 |
|             ACTIVE_LOW_EXT.ACT_LO_EXT              |                                                               system_proc_sys_reset_0__cdc_sync_0 |          1 |          1 |       0 |    0 |    4 |      0 |      0 |          0 |
|           SEQ                                      |                                                             system_proc_sys_reset_0__sequence_psr |         13 |         13 |       0 |    0 |   18 |      0 |      0 |          0 |
|             (SEQ)                                  |                                                             system_proc_sys_reset_0__sequence_psr |          8 |          8 |       0 |    0 |   12 |      0 |      0 |          0 |
|             SEQ_COUNTER                            |                                                                  system_proc_sys_reset_0__upcnt_n |          5 |          5 |       0 |    0 |    6 |      0 |      0 |          0 |
|       processing_system7                           |                                                                       system_processing_system7_0 |          0 |          0 |       0 |    0 |    0 |      0 |      0 |          0 |
|         (processing_system7)                       |                                                                       system_processing_system7_0 |          0 |          0 |       0 |    0 |    0 |      0 |      0 |          0 |
|         inst                                       |                           system_processing_system7_0__processing_system7_v5_5_processing_system7 |          0 |          0 |       0 |    0 |    0 |      0 |      0 |          0 |
|       xadc                                         |                                                                                     system_xadc_0 |        159 |        159 |       0 |    0 |  237 |      0 |      0 |          0 |
|         inst                                       |                                                             system_xadc_0__system_xadc_0_axi_xadc |        159 |        159 |       0 |    0 |  237 |      0 |      0 |          0 |
|           (inst)                                   |                                                             system_xadc_0__system_xadc_0_axi_xadc |          1 |          1 |       0 |    0 |   32 |      0 |      0 |          0 |
|           AXI_LITE_IPIF_I                          |                                                        system_xadc_0__system_xadc_0_axi_lite_ipif |        107 |        107 |       0 |    0 |   61 |      0 |      0 |          0 |
|             I_SLAVE_ATTACHMENT                     |                                                     system_xadc_0__system_xadc_0_slave_attachment |        107 |        107 |       0 |    0 |   61 |      0 |      0 |          0 |
|               (I_SLAVE_ATTACHMENT)                 |                                                     system_xadc_0__system_xadc_0_slave_attachment |         17 |         17 |       0 |    0 |   35 |      0 |      0 |          0 |
|               I_DECODER                            |                                                      system_xadc_0__system_xadc_0_address_decoder |         91 |         91 |       0 |    0 |   26 |      0 |      0 |          0 |
|           AXI_XADC_CORE_I                          |                                                        system_xadc_0__system_xadc_0_xadc_core_drp |         17 |         17 |       0 |    0 |   56 |      0 |      0 |          0 |
|           INTR_CTRLR_GEN_I.INTERRUPT_CONTROL_I     |                                                    system_xadc_0__system_xadc_0_interrupt_control |         27 |         27 |       0 |    0 |   69 |      0 |      0 |          0 |
|           SOFT_RESET_I                             |                                                           system_xadc_0__system_xadc_0_soft_reset |          9 |          9 |       0 |    0 |   19 |      0 |      0 |          0 |
+----------------------------------------------------+---------------------------------------------------------------------------------------------------+------------+------------+---------+------+------+--------+--------+------------+
* Note: The sum of lower-level cells may be larger than their parent cells total, due to cross-hierarchy LUT combining


